20:34:28.497 [main                     ] DEBUG Logger               - Configured Logger
20:34:28.511 [main                     ] DEBUG GameApplication      - Logging settings
Title: 67-Fighter
Version: 1.0
Width: 1920
Height: 1080
Fullscreen: false
Intro: false
Profiling: false
Single step:false
App Mode: DEVELOPER
Menu Key: ESCAPE
Stage Style: DECORATED
Scene Factory: class com.nhom67.platformfighter.app.AppSceneFactory

20:34:29.054 [JavaFX Application Thread] DEBUG FXGLApplication      - Initializing FXGL
20:34:29.059 [JavaFX Application Thread] INFO  Engine               - FXGL-21+dev-SNAPSHOT (31.01.2024 13.44) on WINDOWS (J:26.0.1 FX:21.0.2)
20:34:29.059 [JavaFX Application Thread] DEBUG Engine               - JRE Vendor Name: Oracle Corporation
20:34:29.059 [JavaFX Application Thread] DEBUG Engine               - Running on OS: Windows 11 version 10.0
20:34:29.059 [JavaFX Application Thread] DEBUG Engine               - Architecture: amd64
20:34:29.059 [JavaFX Application Thread] INFO  Engine               - Source code and latest versions at: https://github.com/AlmasB/FXGL
20:34:29.059 [JavaFX Application Thread] INFO  Engine               -       Ask questions and discuss at: https://github.com/AlmasB/FXGL/discussions
20:34:29.059 [JavaFX Application Thread] INFO  Engine               -              Join the FXGL chat at: https://gitter.im/AlmasB/FXGL
20:34:29.160 [JavaFX Application Thread] DEBUG PrimaryStageWindow   - Creating a JavaFX scene
20:34:29.160 [JavaFX Application Thread] DEBUG PrimaryStageWindow   - Target size > screen size
20:34:29.222 [JavaFX Application Thread] DEBUG PrimaryStageWindow   - Target settings size: 1920.0 x 1080.0
20:34:29.222 [JavaFX Application Thread] DEBUG PrimaryStageWindow   - Scaled scene size:    1809.0 x 1031.0
20:34:29.223 [JavaFX Application Thread] DEBUG PrimaryStageWindow   - Scaled ratio: (0.9421875, 0.9546296296296296)
20:34:29.225 [JavaFX Application Thread] DEBUG PrimaryStageWindow   - Set initial scene to FXGLStartupScene
20:34:29.228 [JavaFX Application Thread] DEBUG PrimaryStageWindow   - Opening main window
20:34:29.379 [JavaFX Application Thread] DEBUG PrimaryStageWindow   - Window border size: (16.0, 39.0)
20:34:29.379 [JavaFX Application Thread] DEBUG PrimaryStageWindow   - Scaled size: 1809.0 x 1031.0
20:34:29.379 [JavaFX Application Thread] DEBUG PrimaryStageWindow   - Scaled ratio: (0.9421875, 0.9546296296296296)
20:34:29.379 [JavaFX Application Thread] DEBUG PrimaryStageWindow   - Scene size: 1809.0 x 1031.0
20:34:29.379 [JavaFX Application Thread] DEBUG PrimaryStageWindow   - Stage size: 1825.0 x 1070.0
20:34:29.392 [FXGL Background Thread 1 ] DEBUG Engine               - Initializing environment variables
20:34:29.477 [FXGL Background Thread 1 ] DEBUG FXGLAssetLoaderServi - User app class for loading assets: class com.nhom67.platformfighter.app.FighterApp
20:34:29.478 [FXGL Background Thread 1 ] DEBUG GameApplicationServi - Applying CSS: fxgl_dark.css
20:34:29.479 [FXGL Background Thread 1 ] DEBUG FXGLAssetLoaderServi - Loading from file system: jar:file:///C:/Users/long1/.m2/repository/com/github/AlmasB/FXGL/fxgl/21/fxgl-21.jar!/fxglassets/ui/css/fxgl_dark.css
20:34:29.541 [FXGL Background Thread 1 ] DEBUG GameApplicationServi - Initializing application scenes
20:34:29.594 [FXGL Background Thread 1 ] DEBUG GameWorld            - Game world initialized
20:34:29.641 [FXGL Background Thread 1 ] DEBUG PhysicsWorld         - Physics world initialized: appHeight=1080, physics.ppm=50.0
20:34:29.641 [FXGL Background Thread 1 ] DEBUG PhysicsWorld         - Using strategy: BRUTE_FORCE
20:34:29.648 [FXGL Background Thread 1 ] DEBUG GameScene            - Game scene initialized: 1920x1080
20:34:29.684 [FXGL Background Thread 1 ] DEBUG FXGL.DefaultMenu     - createMenuBodyGameMenu()
20:34:29.698 [FXGL Background Thread 1 ] DEBUG FXGL.DefaultMenu     - createOptionsMenu()
20:34:29.714 [FXGL Background Thread 1 ] DEBUG FXGLAssetLoaderServi - Loading from file system: jar:file:///C:/Users/long1/.m2/repository/com/github/AlmasB/FXGL/fxgl/21/fxgl-21.jar!/fxglassets/textures/particles/smoke.png
20:34:29.825 [FXGL Background Thread 1 ] DEBUG FXGLAssetLoaderServi - Loading from file system: jar:file:///C:/Users/long1/.m2/repository/com/github/AlmasB/FXGL/fxgl/21/fxgl-21.jar!/fxglassets/textures/particles/trace_horizontal.png
20:34:29.861 [FXGL Background Thread 1 ] DEBUG GameApplicationServi - Application scenes initialized
20:34:29.880 [FXGL Background Thread 1 ] DEBUG SystemBundleService  - Loading FXGL system data
20:34:29.888 [FXGL Background Thread 1 ] DEBUG FileSystemAccess     - Reading from: D:\gamemake\fighter67\system\fxgl.bundle
20:34:29.908 [FXGL Background Thread 1 ] DEBUG SystemBundleService  - Bundle FXGL: {}
20:34:29.908 [FXGL Background Thread 1 ] DEBUG UpdaterService       - Checking for updates
20:34:29.918 [FXGL Background Thread 4 ] DEBUG FXGLApplication      - Loading fonts
20:34:29.918 [FXGL Background Thread 1 ] DEBUG FXGLApplication      - Loading default localization
20:34:29.919 [FXGL Background Thread 4 ] DEBUG FXGLAssetLoaderServi - Loading from file system: jar:file:///C:/Users/long1/.m2/repository/com/github/AlmasB/FXGL/fxgl/21/fxgl-21.jar!/fxglassets/ui/fonts/VarelaRound-Regular.ttf
20:34:29.920 [FXGL Background Thread 1 ] DEBUG FXGLAssetLoaderServi - Loading from file system: jar:file:///C:/Users/long1/.m2/repository/com/github/AlmasB/FXGL/fxgl/21/fxgl-21.jar!/fxglassets/languages/english.lang
20:34:29.949 [FXGL Background Thread 1 ] INFO  FXGLApplication      - FXGL initialization took: 0.557 sec
20:34:29.966 [JavaFX Application Thread] DEBUG Input                - Registered new binding: Move Left - A
20:34:29.966 [JavaFX Application Thread] DEBUG Input                - Registered new binding: Move Right - D
20:34:29.967 [JavaFX Application Thread] DEBUG Input                - Registered new binding: Jump - W
20:34:29.967 [JavaFX Application Thread] DEBUG Input                - Registered new binding: Drop Down - S
20:34:29.967 [JavaFX Application Thread] DEBUG Input                - Registered new binding: Move Left 2 - Left
20:34:29.967 [JavaFX Application Thread] DEBUG Input                - Registered new binding: Move Right 2 - Right
20:34:29.967 [JavaFX Application Thread] DEBUG Input                - Registered new binding: Jump 2 - Up
20:34:29.967 [JavaFX Application Thread] DEBUG Input                - Registered new binding: Drop Down 2 - Down
20:34:29.969 [JavaFX Application Thread] DEBUG FXGLAssetLoaderServi - Loading from file system: jar:file:///C:/Users/long1/.m2/repository/com/github/AlmasB/FXGL/fxgl/21/fxgl-21.jar!/fxglassets/textures/fxgl_icon.png
20:34:29.994 [JavaFX Application Thread] DEBUG FXGLAssetLoaderServi - Loading from file system: jar:file:///C:/Users/long1/.m2/repository/com/github/AlmasB/FXGL/fxgl/21/fxgl-21.jar!/fxglassets/textures/fxgl_default_cursor.png
20:34:30.000 [JavaFX Application Thread] DEBUG Input                - Registered new binding: Screenshot - CTRL+8
20:34:30.001 [JavaFX Application Thread] DEBUG Input                - Registered new binding: System info dump - CTRL+9
20:34:30.001 [JavaFX Application Thread] DEBUG Input                - Registered new binding: Restart - CTRL+R
20:34:30.001 [JavaFX Application Thread] DEBUG Input                - Registered new binding: Toggle Debug Camera - CTRL+7
20:34:30.008 [JavaFX Application Thread] DEBUG LoopRunner           - Starting loop
20:34:30.008 [JavaFX Application Thread] DEBUG LoopRunner           - Initializing JavaFX AnimationTimerLoop
20:34:30.008 [FXGL Background Thread 4 ] DEBUG FXGLAssetLoaderServi - Loading from file system: jar:file:///C:/Users/long1/.m2/repository/com/github/AlmasB/FXGL/fxgl/21/fxgl-21.jar!/fxglassets/ui/fonts/Abel-Regular.ttf
20:34:30.013 [JavaFX Application Thread] DEBUG Input                - Clearing active input actions
20:34:30.032 [JavaFX Application Thread] DEBUG GameApplicationServi - Removing overlay from FXGLStartupScene and adding to FXGLMainMenuDummyScene
20:34:30.035 [JavaFX Application Thread] DEBUG PrimaryStageWindow   - FXGLStartupScene -> FXGLMainMenuDummyScene
20:34:30.036 [JavaFX Application Thread] DEBUG PrimaryStageWindow   - Push state: MenuScene
20:34:30.036 [JavaFX Application Thread] DEBUG Input                - Clearing active input actions
20:34:30.039 [FXGL Background Thread 4 ] DEBUG FXGLAssetLoaderServi - Loading from file system: jar:file:///C:/Users/long1/.m2/repository/com/github/AlmasB/FXGL/fxgl/21/fxgl-21.jar!/fxglassets/ui/fonts/TerminalLandMono-Regular.otf
20:34:30.039 [JavaFX Application Thread] DEBUG GameApplicationServi - Removing overlay from FXGLMainMenuDummyScene and adding to MenuScene
20:34:30.041 [JavaFX Application Thread] DEBUG PrimaryStageWindow   - FXGLMainMenuDummyScene -> MenuScene
20:34:30.063 [FXGL Background Thread 4 ] DEBUG FXGLAssetLoaderServi - Loading from file system: jar:file:///C:/Users/long1/.m2/repository/com/github/AlmasB/FXGL/fxgl/21/fxgl-21.jar!/fxglassets/ui/fonts/Courier-Prime.ttf
20:34:30.146 [JavaFX Application Thread] DEBUG FXGLApplication      - Registering font factories with UI factory
20:34:30.883 [FXGL Background Thread 2 ] INFO  UpdaterService       - Your current version:  21+dev-SNAPSHOT
20:34:30.883 [FXGL Background Thread 2 ] INFO  UpdaterService       - Latest stable version: 25
20:34:31.085 [JavaFX Application Thread] DEBUG FXGLAssetLoaderServi - Loading from file system: file:/D:/gamemake/fighter67/target/classes/assets/textures/maps/map1background.png
20:34:31.128 [JavaFX Application Thread] DEBUG Input                - Registered new binding: Back - Esc
20:34:31.128 [JavaFX Application Thread] DEBUG PrimaryStageWindow   - Push state: SelectScene
20:34:31.128 [JavaFX Application Thread] DEBUG Input                - Clearing active input actions
20:34:31.131 [JavaFX Application Thread] DEBUG GameApplicationServi - Removing overlay from MenuScene and adding to SelectScene
20:34:31.132 [JavaFX Application Thread] DEBUG PrimaryStageWindow   - MenuScene -> SelectScene
20:34:32.107 [JavaFX Application Thread] DEBUG PrimaryStageWindow   - Pop state: SelectScene
20:34:32.107 [JavaFX Application Thread] DEBUG Input                - Clearing active input actions
20:34:32.109 [JavaFX Application Thread] DEBUG GameApplicationServi - Removing overlay from SelectScene and adding to MenuScene
20:34:32.111 [JavaFX Application Thread] DEBUG PrimaryStageWindow   - MenuScene <- SelectScene
20:34:32.111 [JavaFX Application Thread] DEBUG GameApplicationServi - Starting new game
20:34:32.111 [JavaFX Application Thread] DEBUG PrimaryStageWindow   - Pop state: MenuScene
20:34:32.111 [JavaFX Application Thread] DEBUG Input                - Clearing active input actions
20:34:32.111 [JavaFX Application Thread] DEBUG GameApplicationServi - Removing overlay from MenuScene and adding to FXGLMainMenuDummyScene
20:34:32.111 [JavaFX Application Thread] DEBUG PrimaryStageWindow   - FXGLMainMenuDummyScene <- MenuScene
20:34:32.112 [JavaFX Application Thread] DEBUG Input                - Clearing active input actions
20:34:32.118 [JavaFX Application Thread] DEBUG GameApplicationServi - Removing overlay from FXGLMainMenuDummyScene and adding to FXGLLoadingScene
20:34:32.118 [JavaFX Application Thread] DEBUG PrimaryStageWindow   - FXGLMainMenuDummyScene -> FXGLLoadingScene
20:34:32.118 [JavaFX Application Thread] DEBUG GameApplicationServi - Clearing previous game
20:34:32.118 [JavaFX Application Thread] DEBUG GameScene            - Clearing game scene
20:34:32.118 [JavaFX Application Thread] DEBUG GameWorld            - Clearing game world
20:34:32.118 [JavaFX Application Thread] DEBUG PhysicsWorld         - Clearing physics world
20:34:32.121 [FXGL Background Thread 2 ] DEBUG FXGLApplication      - Initializing game
20:34:32.174 [FXGL Background Thread 2 ] WARN  TMXLevelLoader       - TiledMap generated from 1.12.2. Supported version: 1.9.0. Some features may not be parsed fully.
20:34:32.186 [FXGL Background Thread 2 ] DEBUG TMXLevelLoader       - Parsed TiledMap: file:/D:/gamemake/fighter67/target/classes/assets/levels/map1.tmx
20:34:32.188 [FXGL Background Thread 2 ] DEBUG TMXLevelLoader       - Creating tile layer entities
20:34:32.194 [FXGL Background Thread 2 ] DEBUG TilesetLoader        - Loading view for layer Tile Layer 1
20:34:32.197 [FXGL Background Thread 2 ] DEBUG TilesetLoader        - Created buffer with size 1920.0x1088.0
20:34:32.216 [FXGL Background Thread 2 ] DEBUG TMXLevelLoader       - Creating object layer entities
20:34:32.252 [FXGL Background Thread 2 ] WARN  TMXLevelLoader       - Parse error
java.lang.IllegalArgumentException: No EntityFactory has a method annotated @Spawns()
	at com.almasb.fxgl.entity@21/com.almasb.fxgl.entity.GameWorld.create(GameWorld.kt:413)
	at com.almasb.fxgl.entity@21/com.almasb.fxgl.entity.level.tiled.TMXLevelLoader.createObjectLayerEntities(TMXLevelLoader.kt:154)
	at com.almasb.fxgl.entity@21/com.almasb.fxgl.entity.level.tiled.TMXLevelLoader.load(TMXLevelLoader.kt:60)
	at com.almasb.fxgl.all@21+dev-SNAPSHOT/com.almasb.fxgl.app.services.FXGLAssetLoaderService.loadLevel(FXGLAssetLoaderService.kt:449)
	at com.nhom67.platformfighter/com.nhom67.platformfighter.map.MapLoader.loadMap(MapLoader.java:12)
	at com.nhom67.platformfighter/com.nhom67.platformfighter.app.FighterApp.initGame(FighterApp.java:62)
	at com.almasb.fxgl.all@21+dev-SNAPSHOT/com.almasb.fxgl.app.FXGLApplication$InitAppTask.initGame(FXGLApplication.kt:339)
	at com.almasb.fxgl.all@21+dev-SNAPSHOT/com.almasb.fxgl.app.FXGLApplication$InitAppTask.call(FXGLApplication.kt:319)
	at com.almasb.fxgl.all@21+dev-SNAPSHOT/com.almasb.fxgl.app.FXGLApplication$InitAppTask.call(FXGLApplication.kt:311)
	at javafx.graphics@21.0.2/javafx.concurrent.Task$TaskCallable.call(Task.java:1399)
	at java.base/java.util.concurrent.FutureTask.run(FutureTask.java:330)
	at java.base/java.util.concurrent.Executors$RunnableAdapter.call(Executors.java:545)
	at java.base/java.util.concurrent.FutureTask.run(FutureTask.java:330)
	at java.base/java.util.concurrent.ThreadPoolExecutor.runWorker(ThreadPoolExecutor.java:1090)
	at java.base/java.util.concurrent.ThreadPoolExecutor$Worker.run(ThreadPoolExecutor.java:614)
	at java.base/java.lang.Thread.run(Thread.java:1516)

20:34:32.254 [JavaFX Application Thread] DEBUG LoopRunner           - Stopping loop
20:34:32.254 [JavaFX Application Thread] FATAL FXGLApplication      - Uncaught Exception:
java.lang.RuntimeException: Initialization failed
	at com.almasb.fxgl.all@21+dev-SNAPSHOT/com.almasb.fxgl.app.FXGLApplication$InitAppTask.failed(FXGLApplication.kt:343)
	at javafx.graphics@21.0.2/javafx.concurrent.Task.setState(Task.java:710)
	at javafx.graphics@21.0.2/javafx.concurrent.Task$TaskCallable.lambda$call$2(Task.java:1429)
	at javafx.graphics@21.0.2/com.sun.javafx.application.PlatformImpl.lambda$runLater$10(PlatformImpl.java:456)
	at java.base/java.security.AccessController.doPrivileged(AccessController.java:138)
	at javafx.graphics@21.0.2/com.sun.javafx.application.PlatformImpl.lambda$runLater$11(PlatformImpl.java:455)
	at javafx.graphics@21.0.2/com.sun.glass.ui.InvokeLaterDispatcher$Future.run(InvokeLaterDispatcher.java:95)
	at javafx.graphics@21.0.2/com.sun.glass.ui.win.WinApplication._runLoop(Native Method)
	at javafx.graphics@21.0.2/com.sun.glass.ui.win.WinApplication.lambda$runLoop$3(WinApplication.java:185)
	at java.base/java.lang.Thread.run(Thread.java:1516)
Caused by: com.almasb.fxgl.entity.level.LevelLoadingException: No EntityFactory has a method annotated @Spawns()
	at com.almasb.fxgl.entity@21/com.almasb.fxgl.entity.level.tiled.TMXLevelLoader.load(TMXLevelLoader.kt:77)
	at com.almasb.fxgl.all@21+dev-SNAPSHOT/com.almasb.fxgl.app.services.FXGLAssetLoaderService.loadLevel(FXGLAssetLoaderService.kt:449)
	at com.nhom67.platformfighter/com.nhom67.platformfighter.map.MapLoader.loadMap(MapLoader.java:12)
	at com.nhom67.platformfighter/com.nhom67.platformfighter.app.FighterApp.initGame(FighterApp.java:62)
	at com.almasb.fxgl.all@21+dev-SNAPSHOT/com.almasb.fxgl.app.FXGLApplication$InitAppTask.initGame(FXGLApplication.kt:339)
	at com.almasb.fxgl.all@21+dev-SNAPSHOT/com.almasb.fxgl.app.FXGLApplication$InitAppTask.call(FXGLApplication.kt:319)
	at com.almasb.fxgl.all@21+dev-SNAPSHOT/com.almasb.fxgl.app.FXGLApplication$InitAppTask.call(FXGLApplication.kt:311)
	at javafx.graphics@21.0.2/javafx.concurrent.Task$TaskCallable.call(Task.java:1399)
	at java.base/java.util.concurrent.FutureTask.run(FutureTask.java:330)
	at java.base/java.util.concurrent.Executors$RunnableAdapter.call(Executors.java:545)
	at java.base/java.util.concurrent.FutureTask.run(FutureTask.java:330)
	at java.base/java.util.concurrent.ThreadPoolExecutor.runWorker(ThreadPoolExecutor.java:1090)
	at java.base/java.util.concurrent.ThreadPoolExecutor$Worker.run(ThreadPoolExecutor.java:614)
	... 1 more
Caused by: java.lang.IllegalArgumentException: No EntityFactory has a method annotated @Spawns()
	at com.almasb.fxgl.entity@21/com.almasb.fxgl.entity.GameWorld.create(GameWorld.kt:413)
	at com.almasb.fxgl.entity@21/com.almasb.fxgl.entity.level.tiled.TMXLevelLoader.createObjectLayerEntities(TMXLevelLoader.kt:154)
	at com.almasb.fxgl.entity@21/com.almasb.fxgl.entity.level.tiled.TMXLevelLoader.load(TMXLevelLoader.kt:60)
	... 13 more

20:34:32.255 [JavaFX Application Thread] FATAL FXGLApplication      - Application will now exit
20:34:32.277 [JavaFX Application Thread] DEBUG PrimaryStageWindow   - Push state: ErrorSubScene
20:34:32.277 [JavaFX Application Thread] DEBUG Input                - Clearing active input actions
20:34:32.281 [JavaFX Application Thread] DEBUG GameApplicationServi - Removing overlay from FXGLLoadingScene and adding to ErrorSubScene
20:34:32.282 [JavaFX Application Thread] DEBUG PrimaryStageWindow   - FXGLLoadingScene -> ErrorSubScene
20:34:32.916 [FXGL Background Thread 3 ] DEBUG Engine               - Logging environment variables
20:34:32.916 [FXGL Background Thread 3 ] DEBUG Engine               - achievements: []
20:34:32.916 [FXGL Background Thread 3 ] DEBUG Engine               - actualHeight: 1031.0
20:34:32.917 [FXGL Background Thread 3 ] DEBUG Engine               - actualHeightProperty: ReadOnlyDoubleProperty [value: 1031.0]
20:34:32.917 [FXGL Background Thread 3 ] DEBUG Engine               - actualWidth: 1809.0
20:34:32.917 [FXGL Background Thread 3 ] DEBUG Engine               - actualWidthProperty: ReadOnlyDoubleProperty [value: 1809.0]
20:34:32.917 [FXGL Background Thread 3 ] DEBUG Engine               - appIcon: fxgl_icon.png
20:34:32.917 [FXGL Background Thread 3 ] DEBUG Engine               - applicationMode: DEVELOPER
20:34:32.917 [FXGL Background Thread 3 ] DEBUG Engine               - cSSList: [fxgl_dark.css]
20:34:32.917 [FXGL Background Thread 3 ] DEBUG Engine               - collisionDetectionStrategy: BRUTE_FORCE
20:34:32.917 [FXGL Background Thread 3 ] DEBUG Engine               - configClass: Optional.empty
20:34:32.917 [FXGL Background Thread 3 ] DEBUG Engine               - credits: []
20:34:32.917 [FXGL Background Thread 3 ] DEBUG Engine               - defaultCursor: CursorInfo(imageName=fxgl_default_cursor.png, hotspotX=7.0, hotspotY=6.0)
20:34:32.918 [FXGL Background Thread 3 ] DEBUG Engine               - devBBoxColorProperty: ObjectProperty [value: 0xff0000ff]
20:34:32.918 [FXGL Background Thread 3 ] DEBUG Engine               - devEnableDebugCameraProperty: BooleanProperty [value: false]
20:34:32.918 [FXGL Background Thread 3 ] DEBUG Engine               - devSensorColorProperty: ObjectProperty [value: 0xffff00ff]
20:34:32.918 [FXGL Background Thread 3 ] DEBUG Engine               - devShowBBoxProperty: BooleanProperty [value: false]
20:34:32.919 [FXGL Background Thread 3 ] DEBUG Engine               - devShowPositionProperty: BooleanProperty [value: false]
20:34:32.919 [FXGL Background Thread 3 ] DEBUG Engine               - enabledMenuItems: []
20:34:32.919 [FXGL Background Thread 3 ] DEBUG Engine               - engineServices: [class com.almasb.fxgl.app.services.FXGLAssetLoaderService, class com.almasb.fxgl.app.FXGLApplication$GameApplicationService, class com.almasb.fxgl.app.services.FXGLDialogService, class com.almasb.fxgl.app.services.IOTaskExecutorService, class com.almasb.fxgl.io.FileSystemService, class com.almasb.fxgl.localization.LocalizationService, class com.almasb.fxgl.app.services.SystemBundleService, class com.almasb.fxgl.profile.SaveLoadService, class com.almasb.fxgl.ui.FXGLUIFactoryServiceProvider, class com.almasb.fxgl.ui.FXGLDialogFactoryServiceProvider, class com.almasb.fxgl.audio.AudioPlayer, class com.almasb.fxgl.notification.impl.NotificationServiceProvider, class com.almasb.fxgl.achievement.AchievementService, class com.almasb.fxgl.cutscene.CutsceneService, class com.almasb.fxgl.minigames.MiniGameService, class com.almasb.fxgl.net.NetService, class com.almasb.fxgl.app.services.UpdaterService, class com.almasb.fxgl.dev.DevService]
20:34:32.919 [FXGL Background Thread 3 ] DEBUG Engine               - fontGame: Abel-Regular.ttf
20:34:32.919 [FXGL Background Thread 3 ] DEBUG Engine               - fontMono: TerminalLandMono-Regular.otf
20:34:32.919 [FXGL Background Thread 3 ] DEBUG Engine               - fontSizeScaleUI: 1.0
20:34:32.919 [FXGL Background Thread 3 ] DEBUG Engine               - fontText: Courier-Prime.ttf
20:34:32.919 [FXGL Background Thread 3 ] DEBUG Engine               - fontUI: VarelaRound-Regular.ttf
20:34:32.919 [FXGL Background Thread 3 ] DEBUG Engine               - fullScreen: BooleanProperty [value: false]
20:34:32.919 [FXGL Background Thread 3 ] DEBUG Engine               - gameDifficulty: MEDIUM
20:34:32.919 [FXGL Background Thread 3 ] DEBUG Engine               - gameDifficultyProperty: ObjectProperty [value: MEDIUM]
20:34:32.919 [FXGL Background Thread 3 ] DEBUG Engine               - globalMusicVolume: 0.5
20:34:32.919 [FXGL Background Thread 3 ] DEBUG Engine               - globalMusicVolumeProperty: DoubleProperty [value: 0.5]
20:34:32.919 [FXGL Background Thread 3 ] DEBUG Engine               - globalSoundVolume: 0.5
20:34:32.919 [FXGL Background Thread 3 ] DEBUG Engine               - globalSoundVolumeProperty: DoubleProperty [value: 0.5]
20:34:32.919 [FXGL Background Thread 3 ] DEBUG Engine               - height: 1080
20:34:32.919 [FXGL Background Thread 3 ] DEBUG Engine               - is3D: false
20:34:32.919 [FXGL Background Thread 3 ] DEBUG Engine               - isAndroid: false
20:34:32.919 [FXGL Background Thread 3 ] DEBUG Engine               - isBrowser: false
20:34:32.919 [FXGL Background Thread 3 ] DEBUG Engine               - isClickFeedbackEnabled: false
20:34:32.919 [FXGL Background Thread 3 ] DEBUG Engine               - isCloseConfirmation: false
20:34:32.919 [FXGL Background Thread 3 ] DEBUG Engine               - isDesktop: true
20:34:32.919 [FXGL Background Thread 3 ] DEBUG Engine               - isDeveloperMenuEnabled: false
20:34:32.919 [FXGL Background Thread 3 ] DEBUG Engine               - isEmbedded: false
20:34:32.919 [FXGL Background Thread 3 ] DEBUG Engine               - isEntityPreloadEnabled: true
20:34:32.919 [FXGL Background Thread 3 ] DEBUG Engine               - isExperimentalTiledLargeMap: false
20:34:32.919 [FXGL Background Thread 3 ] DEBUG Engine               - isFileSystemWriteAllowed: true
20:34:32.919 [FXGL Background Thread 3 ] DEBUG Engine               - isFullScreenAllowed: false
20:34:32.919 [FXGL Background Thread 3 ] DEBUG Engine               - isFullScreenFromStart: false
20:34:32.919 [FXGL Background Thread 3 ] DEBUG Engine               - isGameMenuEnabled: true
20:34:32.919 [FXGL Background Thread 3 ] DEBUG Engine               - isIOS: false
20:34:32.919 [FXGL Background Thread 3 ] DEBUG Engine               - isIntroEnabled: false
20:34:32.919 [FXGL Background Thread 3 ] DEBUG Engine               - isLinux: false
20:34:32.919 [FXGL Background Thread 3 ] DEBUG Engine               - isMac: false
20:34:32.919 [FXGL Background Thread 3 ] DEBUG Engine               - isMainMenuEnabled: true
20:34:32.919 [FXGL Background Thread 3 ] DEBUG Engine               - isManualResizeEnabled: false
20:34:32.919 [FXGL Background Thread 3 ] DEBUG Engine               - isMobile: false
20:34:32.919 [FXGL Background Thread 3 ] DEBUG Engine               - isNative: false
20:34:32.919 [FXGL Background Thread 3 ] DEBUG Engine               - isPauseMusicWhenMinimized: true
20:34:32.919 [FXGL Background Thread 3 ] DEBUG Engine               - isPreserveResizeRatio: false
20:34:32.919 [FXGL Background Thread 3 ] DEBUG Engine               - isProfilingEnabled: false
20:34:32.919 [FXGL Background Thread 3 ] DEBUG Engine               - isScaleAffectedOnResize: true
20:34:32.919 [FXGL Background Thread 3 ] DEBUG Engine               - isSingleStep: false
20:34:32.919 [FXGL Background Thread 3 ] DEBUG Engine               - isUserProfileEnabled: false
20:34:32.919 [FXGL Background Thread 3 ] DEBUG Engine               - isWindows: true
20:34:32.919 [FXGL Background Thread 3 ] DEBUG Engine               - language: ObjectProperty [value: ENGLISH]
20:34:32.919 [FXGL Background Thread 3 ] DEBUG Engine               - menuKey: ESCAPE
20:34:32.919 [FXGL Background Thread 3 ] DEBUG Engine               - mouseSensitivity: 0.2
20:34:32.919 [FXGL Background Thread 3 ] DEBUG Engine               - notificationViewClass: class com.almasb.fxgl.notification.view.XboxNotificationView
20:34:32.919 [FXGL Background Thread 3 ] DEBUG Engine               - pixelsPerMeter: 50.0
20:34:32.919 [FXGL Background Thread 3 ] DEBUG Engine               - platform: WINDOWS
20:34:32.919 [FXGL Background Thread 3 ] DEBUG Engine               - prefHeightProperty: ReadOnlyDoubleProperty [value: 1080.0]
20:34:32.919 [FXGL Background Thread 3 ] DEBUG Engine               - prefWidthProperty: ReadOnlyDoubleProperty [value: 1920.0]
20:34:32.919 [FXGL Background Thread 3 ] DEBUG Engine               - profileDir: profiles/
20:34:32.919 [FXGL Background Thread 3 ] DEBUG Engine               - profileName: StringProperty [value: DEFAULT]
20:34:32.919 [FXGL Background Thread 3 ] DEBUG Engine               - randomSeed: -1
20:34:32.920 [FXGL Background Thread 3 ] DEBUG Engine               - runtimeInfo: RuntimeInfo(platform=WINDOWS, version=21+dev-SNAPSHOT, build=31.01.2024 13.44)
20:34:32.920 [FXGL Background Thread 3 ] DEBUG Engine               - saveFileExt: sav
20:34:32.920 [FXGL Background Thread 3 ] DEBUG Engine               - scaledHeightProp$fxgl: DoubleProperty [bound, value: 1031.0]
20:34:32.920 [FXGL Background Thread 3 ] DEBUG Engine               - scaledWidthProp$fxgl: DoubleProperty [bound, value: 1809.0]
20:34:32.921 [FXGL Background Thread 3 ] DEBUG Engine               - sceneFactory: com.nhom67.platformfighter.app.AppSceneFactory@24aa6503
20:34:32.921 [FXGL Background Thread 3 ] DEBUG Engine               - secondsIn24h: 60
20:34:32.921 [FXGL Background Thread 3 ] DEBUG Engine               - soundMenuBack: menu/back.wav
20:34:32.921 [FXGL Background Thread 3 ] DEBUG Engine               - soundMenuPress: menu/press.wav
20:34:32.921 [FXGL Background Thread 3 ] DEBUG Engine               - soundMenuSelect: menu/select.wav
20:34:32.921 [FXGL Background Thread 3 ] DEBUG Engine               - soundNotification: core/notification.wav
20:34:32.921 [FXGL Background Thread 3 ] DEBUG Engine               - stageStyle: DECORATED
20:34:32.921 [FXGL Background Thread 3 ] DEBUG Engine               - supportedLanguages: [ENGLISH, FRENCH, GERMAN, HUNGARIAN, RUSSIAN]
20:34:32.921 [FXGL Background Thread 3 ] DEBUG Engine               - ticksPerSecond: -1
20:34:32.921 [FXGL Background Thread 3 ] DEBUG Engine               - title: 67-Fighter
20:34:32.921 [FXGL Background Thread 3 ] DEBUG Engine               - urlGithub: https://github.com/AlmasB/FXGL
20:34:32.921 [FXGL Background Thread 3 ] DEBUG Engine               - urlLeaderboard: http://fxgl-top.herokuapp.com/
20:34:32.921 [FXGL Background Thread 3 ] DEBUG Engine               - urlPOM: https://raw.githubusercontent.com/AlmasB/FXGL/release/README.md
20:34:32.921 [FXGL Background Thread 3 ] DEBUG Engine               - userAppClass: class com.nhom67.platformfighter.app.FighterApp
20:34:32.921 [FXGL Background Thread 3 ] DEBUG Engine               - version: 1.0
20:34:32.921 [FXGL Background Thread 3 ] DEBUG Engine               - versionCheckDays: 7
20:34:32.921 [FXGL Background Thread 3 ] DEBUG Engine               - width: 1920
20:34:32.921 [FXGL Background Thread 3 ] DEBUG Engine               - Logging services
20:34:32.921 [FXGL Background Thread 3 ] DEBUG Engine               - class com.almasb.fxgl.app.services.FXGLAssetLoaderService
20:34:32.921 [FXGL Background Thread 3 ] DEBUG Engine               - class com.almasb.fxgl.app.FXGLApplication$GameApplicationService
20:34:32.921 [FXGL Background Thread 3 ] DEBUG Engine               - class com.almasb.fxgl.app.services.FXGLDialogService
20:34:32.921 [FXGL Background Thread 3 ] DEBUG Engine               - class com.almasb.fxgl.app.services.IOTaskExecutorService
20:34:32.921 [FXGL Background Thread 3 ] DEBUG Engine               - class com.almasb.fxgl.io.FileSystemService
20:34:32.921 [FXGL Background Thread 3 ] DEBUG Engine               - class com.almasb.fxgl.localization.LocalizationService
20:34:32.921 [FXGL Background Thread 3 ] DEBUG Engine               - class com.almasb.fxgl.app.services.SystemBundleService
20:34:32.921 [FXGL Background Thread 3 ] DEBUG Engine               - class com.almasb.fxgl.profile.SaveLoadService
20:34:32.921 [FXGL Background Thread 3 ] DEBUG Engine               - class com.almasb.fxgl.ui.FXGLUIFactoryServiceProvider
20:34:32.921 [FXGL Background Thread 3 ] DEBUG Engine               - class com.almasb.fxgl.ui.FXGLDialogFactoryServiceProvider
20:34:32.921 [FXGL Background Thread 3 ] DEBUG Engine               - class com.almasb.fxgl.audio.AudioPlayer
20:34:32.921 [FXGL Background Thread 3 ] DEBUG Engine               - class com.almasb.fxgl.notification.impl.NotificationServiceProvider
20:34:32.921 [FXGL Background Thread 3 ] DEBUG Engine               - class com.almasb.fxgl.achievement.AchievementService
20:34:32.921 [FXGL Background Thread 3 ] DEBUG Engine               - class com.almasb.fxgl.cutscene.CutsceneService
20:34:32.921 [FXGL Background Thread 3 ] DEBUG Engine               - class com.almasb.fxgl.minigames.MiniGameService
20:34:32.921 [FXGL Background Thread 3 ] DEBUG Engine               - class com.almasb.fxgl.net.NetService
20:34:32.921 [FXGL Background Thread 3 ] DEBUG Engine               - class com.almasb.fxgl.app.services.UpdaterService
20:34:32.921 [FXGL Background Thread 3 ] DEBUG Engine               - class com.almasb.fxgl.dev.DevService
20:34:43.062 [JavaFX Application Thread] DEBUG FXGLApplication      - Exiting FXGL
20:34:43.063 [JavaFX Application Thread] DEBUG Async                - Shutting down background threads
20:34:43.063 [JavaFX Application Thread] DEBUG PrimaryStageWindow   - Closing main window
20:34:43.095 [JavaFX Application Thread] DEBUG Logger               - Closing Logger
