20:28:26.670 [main                     ] DEBUG Logger               - Configured Logger
20:28:26.681 [main                     ] DEBUG GameApplication      - Logging settings
Title: 67-Fighter
Version: 1.0
Width: 1920
Height: 1080
Fullscreen: false
Intro: false
Profiling: false
Single step:false
App Mode: DEVELOPER
Menu Key: ESCAPE
Stage Style: DECORATED
Scene Factory: class com.nhom67.platformfighter.app.AppSceneFactory

20:28:27.263 [JavaFX Application Thread] DEBUG FXGLApplication      - Initializing FXGL
20:28:27.267 [JavaFX Application Thread] INFO  Engine               - FXGL-21+dev-SNAPSHOT (31.01.2024 13.44) on WINDOWS (J:26.0.1 FX:21.0.2)
20:28:27.267 [JavaFX Application Thread] DEBUG Engine               - JRE Vendor Name: Oracle Corporation
20:28:27.267 [JavaFX Application Thread] DEBUG Engine               - Running on OS: Windows 11 version 10.0
20:28:27.267 [JavaFX Application Thread] DEBUG Engine               - Architecture: amd64
20:28:27.267 [JavaFX Application Thread] INFO  Engine               - Source code and latest versions at: https://github.com/AlmasB/FXGL
20:28:27.267 [JavaFX Application Thread] INFO  Engine               -       Ask questions and discuss at: https://github.com/AlmasB/FXGL/discussions
20:28:27.267 [JavaFX Application Thread] INFO  Engine               -              Join the FXGL chat at: https://gitter.im/AlmasB/FXGL
20:28:27.382 [JavaFX Application Thread] DEBUG PrimaryStageWindow   - Creating a JavaFX scene
20:28:27.382 [JavaFX Application Thread] DEBUG PrimaryStageWindow   - Target size > screen size
20:28:27.507 [JavaFX Application Thread] DEBUG PrimaryStageWindow   - Target settings size: 1920.0 x 1080.0
20:28:27.507 [JavaFX Application Thread] DEBUG PrimaryStageWindow   - Scaled scene size:    1809.0 x 1031.0
20:28:27.507 [JavaFX Application Thread] DEBUG PrimaryStageWindow   - Scaled ratio: (0.9421875, 0.9546296296296296)
20:28:27.508 [JavaFX Application Thread] DEBUG PrimaryStageWindow   - Set initial scene to FXGLStartupScene
20:28:27.519 [JavaFX Application Thread] DEBUG PrimaryStageWindow   - Opening main window
20:28:27.685 [JavaFX Application Thread] DEBUG PrimaryStageWindow   - Window border size: (16.0, 39.0)
20:28:27.686 [JavaFX Application Thread] DEBUG PrimaryStageWindow   - Scaled size: 1809.0 x 1031.0
20:28:27.686 [JavaFX Application Thread] DEBUG PrimaryStageWindow   - Scaled ratio: (0.9421875, 0.9546296296296296)
20:28:27.686 [JavaFX Application Thread] DEBUG PrimaryStageWindow   - Scene size: 1809.0 x 1031.0
20:28:27.686 [JavaFX Application Thread] DEBUG PrimaryStageWindow   - Stage size: 1825.0 x 1070.0
20:28:27.700 [FXGL Background Thread 1 ] DEBUG Engine               - Initializing environment variables
20:28:27.791 [FXGL Background Thread 1 ] DEBUG FXGLAssetLoaderServi - User app class for loading assets: class com.nhom67.platformfighter.app.FighterApp
20:28:27.792 [FXGL Background Thread 1 ] DEBUG GameApplicationServi - Applying CSS: fxgl_dark.css
20:28:27.793 [FXGL Background Thread 1 ] DEBUG FXGLAssetLoaderServi - Loading from file system: jar:file:///C:/Users/long1/.m2/repository/com/github/AlmasB/FXGL/fxgl/21/fxgl-21.jar!/fxglassets/ui/css/fxgl_dark.css
20:28:27.868 [FXGL Background Thread 1 ] DEBUG GameApplicationServi - Initializing application scenes
20:28:27.917 [FXGL Background Thread 1 ] DEBUG GameWorld            - Game world initialized
20:28:27.960 [FXGL Background Thread 1 ] DEBUG PhysicsWorld         - Physics world initialized: appHeight=1080, physics.ppm=50.0
20:28:27.962 [FXGL Background Thread 1 ] DEBUG PhysicsWorld         - Using strategy: BRUTE_FORCE
20:28:27.970 [FXGL Background Thread 1 ] DEBUG GameScene            - Game scene initialized: 1920x1080
20:28:28.008 [FXGL Background Thread 1 ] DEBUG FXGL.DefaultMenu     - createMenuBodyGameMenu()
20:28:28.020 [FXGL Background Thread 1 ] DEBUG FXGL.DefaultMenu     - createOptionsMenu()
20:28:28.040 [FXGL Background Thread 1 ] DEBUG FXGLAssetLoaderServi - Loading from file system: jar:file:///C:/Users/long1/.m2/repository/com/github/AlmasB/FXGL/fxgl/21/fxgl-21.jar!/fxglassets/textures/particles/smoke.png
20:28:28.138 [FXGL Background Thread 1 ] DEBUG FXGLAssetLoaderServi - Loading from file system: jar:file:///C:/Users/long1/.m2/repository/com/github/AlmasB/FXGL/fxgl/21/fxgl-21.jar!/fxglassets/textures/particles/trace_horizontal.png
20:28:28.167 [FXGL Background Thread 1 ] DEBUG GameApplicationServi - Application scenes initialized
20:28:28.191 [FXGL Background Thread 1 ] DEBUG SystemBundleService  - Loading FXGL system data
20:28:28.210 [FXGL Background Thread 1 ] DEBUG FileSystemAccess     - Reading from: D:\gamemake\fighter67\system\fxgl.bundle
20:28:28.224 [FXGL Background Thread 1 ] DEBUG SystemBundleService  - Bundle FXGL: {}
20:28:28.225 [FXGL Background Thread 1 ] DEBUG UpdaterService       - Checking for updates
20:28:28.233 [FXGL Background Thread 4 ] DEBUG FXGLApplication      - Loading fonts
20:28:28.233 [FXGL Background Thread 1 ] DEBUG FXGLApplication      - Loading default localization
20:28:28.234 [FXGL Background Thread 4 ] DEBUG FXGLAssetLoaderServi - Loading from file system: jar:file:///C:/Users/long1/.m2/repository/com/github/AlmasB/FXGL/fxgl/21/fxgl-21.jar!/fxglassets/ui/fonts/VarelaRound-Regular.ttf
20:28:28.234 [FXGL Background Thread 1 ] DEBUG FXGLAssetLoaderServi - Loading from file system: jar:file:///C:/Users/long1/.m2/repository/com/github/AlmasB/FXGL/fxgl/21/fxgl-21.jar!/fxglassets/languages/english.lang
20:28:28.258 [FXGL Background Thread 1 ] INFO  FXGLApplication      - FXGL initialization took: 0.558 sec
20:28:28.272 [JavaFX Application Thread] DEBUG Input                - Registered new binding: Move Left - A
20:28:28.273 [JavaFX Application Thread] DEBUG Input                - Registered new binding: Move Right - D
20:28:28.273 [JavaFX Application Thread] DEBUG Input                - Registered new binding: Jump - W
20:28:28.273 [JavaFX Application Thread] DEBUG Input                - Registered new binding: Drop Down - S
20:28:28.273 [JavaFX Application Thread] DEBUG Input                - Registered new binding: Move Left 2 - Left
20:28:28.273 [JavaFX Application Thread] DEBUG Input                - Registered new binding: Move Right 2 - Right
20:28:28.273 [JavaFX Application Thread] DEBUG Input                - Registered new binding: Jump 2 - Up
20:28:28.274 [JavaFX Application Thread] DEBUG Input                - Registered new binding: Drop Down 2 - Down
20:28:28.274 [JavaFX Application Thread] DEBUG FXGLAssetLoaderServi - Loading from file system: jar:file:///C:/Users/long1/.m2/repository/com/github/AlmasB/FXGL/fxgl/21/fxgl-21.jar!/fxglassets/textures/fxgl_icon.png
20:28:28.294 [JavaFX Application Thread] DEBUG FXGLAssetLoaderServi - Loading from file system: jar:file:///C:/Users/long1/.m2/repository/com/github/AlmasB/FXGL/fxgl/21/fxgl-21.jar!/fxglassets/textures/fxgl_default_cursor.png
20:28:28.297 [JavaFX Application Thread] DEBUG Input                - Registered new binding: Screenshot - CTRL+8
20:28:28.298 [JavaFX Application Thread] DEBUG Input                - Registered new binding: System info dump - CTRL+9
20:28:28.299 [JavaFX Application Thread] DEBUG Input                - Registered new binding: Restart - CTRL+R
20:28:28.300 [JavaFX Application Thread] DEBUG Input                - Registered new binding: Toggle Debug Camera - CTRL+7
20:28:28.306 [JavaFX Application Thread] DEBUG LoopRunner           - Starting loop
20:28:28.306 [JavaFX Application Thread] DEBUG LoopRunner           - Initializing JavaFX AnimationTimerLoop
20:28:28.306 [FXGL Background Thread 4 ] DEBUG FXGLAssetLoaderServi - Loading from file system: jar:file:///C:/Users/long1/.m2/repository/com/github/AlmasB/FXGL/fxgl/21/fxgl-21.jar!/fxglassets/ui/fonts/Abel-Regular.ttf
20:28:28.312 [JavaFX Application Thread] DEBUG Input                - Clearing active input actions
20:28:28.322 [JavaFX Application Thread] DEBUG GameApplicationServi - Removing overlay from FXGLStartupScene and adding to FXGLMainMenuDummyScene
20:28:28.324 [JavaFX Application Thread] DEBUG PrimaryStageWindow   - FXGLStartupScene -> FXGLMainMenuDummyScene
20:28:28.324 [JavaFX Application Thread] DEBUG PrimaryStageWindow   - Push state: MenuScene
20:28:28.325 [JavaFX Application Thread] DEBUG Input                - Clearing active input actions
20:28:28.331 [FXGL Background Thread 4 ] DEBUG FXGLAssetLoaderServi - Loading from file system: jar:file:///C:/Users/long1/.m2/repository/com/github/AlmasB/FXGL/fxgl/21/fxgl-21.jar!/fxglassets/ui/fonts/TerminalLandMono-Regular.otf
20:28:28.331 [JavaFX Application Thread] DEBUG GameApplicationServi - Removing overlay from FXGLMainMenuDummyScene and adding to MenuScene
20:28:28.333 [JavaFX Application Thread] DEBUG PrimaryStageWindow   - FXGLMainMenuDummyScene -> MenuScene
20:28:28.353 [FXGL Background Thread 4 ] DEBUG FXGLAssetLoaderServi - Loading from file system: jar:file:///C:/Users/long1/.m2/repository/com/github/AlmasB/FXGL/fxgl/21/fxgl-21.jar!/fxglassets/ui/fonts/Courier-Prime.ttf
20:28:28.414 [JavaFX Application Thread] DEBUG FXGLApplication      - Registering font factories with UI factory
20:28:29.207 [FXGL Background Thread 2 ] INFO  UpdaterService       - Your current version:  21+dev-SNAPSHOT
20:28:29.207 [FXGL Background Thread 2 ] INFO  UpdaterService       - Latest stable version: 25
20:28:29.405 [JavaFX Application Thread] DEBUG FXGLAssetLoaderServi - Loading from file system: file:/D:/gamemake/fighter67/target/classes/assets/textures/maps/map1background.png
20:28:29.449 [JavaFX Application Thread] DEBUG Input                - Registered new binding: Back - Esc
20:28:29.449 [JavaFX Application Thread] DEBUG PrimaryStageWindow   - Push state: SelectScene
20:28:29.449 [JavaFX Application Thread] DEBUG Input                - Clearing active input actions
20:28:29.453 [JavaFX Application Thread] DEBUG GameApplicationServi - Removing overlay from MenuScene and adding to SelectScene
20:28:29.453 [JavaFX Application Thread] DEBUG PrimaryStageWindow   - MenuScene -> SelectScene
20:28:31.230 [FXGL Background Thread 3 ] DEBUG Engine               - Logging environment variables
20:28:31.230 [FXGL Background Thread 3 ] DEBUG Engine               - achievements: []
20:28:31.230 [FXGL Background Thread 3 ] DEBUG Engine               - actualHeight: 1031.0
20:28:31.230 [FXGL Background Thread 3 ] DEBUG Engine               - actualHeightProperty: ReadOnlyDoubleProperty [value: 1031.0]
20:28:31.230 [FXGL Background Thread 3 ] DEBUG Engine               - actualWidth: 1809.0
20:28:31.230 [FXGL Background Thread 3 ] DEBUG Engine               - actualWidthProperty: ReadOnlyDoubleProperty [value: 1809.0]
20:28:31.230 [FXGL Background Thread 3 ] DEBUG Engine               - appIcon: fxgl_icon.png
20:28:31.230 [FXGL Background Thread 3 ] DEBUG Engine               - applicationMode: DEVELOPER
20:28:31.231 [FXGL Background Thread 3 ] DEBUG Engine               - cSSList: [fxgl_dark.css]
20:28:31.231 [FXGL Background Thread 3 ] DEBUG Engine               - collisionDetectionStrategy: BRUTE_FORCE
20:28:31.231 [FXGL Background Thread 3 ] DEBUG Engine               - configClass: Optional.empty
20:28:31.231 [FXGL Background Thread 3 ] DEBUG Engine               - credits: []
20:28:31.231 [FXGL Background Thread 3 ] DEBUG Engine               - defaultCursor: CursorInfo(imageName=fxgl_default_cursor.png, hotspotX=7.0, hotspotY=6.0)
20:28:31.231 [FXGL Background Thread 3 ] DEBUG Engine               - devBBoxColorProperty: ObjectProperty [value: 0xff0000ff]
20:28:31.231 [FXGL Background Thread 3 ] DEBUG Engine               - devEnableDebugCameraProperty: BooleanProperty [value: false]
20:28:31.231 [FXGL Background Thread 3 ] DEBUG Engine               - devSensorColorProperty: ObjectProperty [value: 0xffff00ff]
20:28:31.231 [FXGL Background Thread 3 ] DEBUG Engine               - devShowBBoxProperty: BooleanProperty [value: false]
20:28:31.231 [FXGL Background Thread 3 ] DEBUG Engine               - devShowPositionProperty: BooleanProperty [value: false]
20:28:31.231 [FXGL Background Thread 3 ] DEBUG Engine               - enabledMenuItems: []
20:28:31.231 [FXGL Background Thread 3 ] DEBUG Engine               - engineServices: [class com.almasb.fxgl.app.services.FXGLAssetLoaderService, class com.almasb.fxgl.app.FXGLApplication$GameApplicationService, class com.almasb.fxgl.app.services.FXGLDialogService, class com.almasb.fxgl.app.services.IOTaskExecutorService, class com.almasb.fxgl.io.FileSystemService, class com.almasb.fxgl.localization.LocalizationService, class com.almasb.fxgl.app.services.SystemBundleService, class com.almasb.fxgl.profile.SaveLoadService, class com.almasb.fxgl.ui.FXGLUIFactoryServiceProvider, class com.almasb.fxgl.ui.FXGLDialogFactoryServiceProvider, class com.almasb.fxgl.audio.AudioPlayer, class com.almasb.fxgl.notification.impl.NotificationServiceProvider, class com.almasb.fxgl.achievement.AchievementService, class com.almasb.fxgl.cutscene.CutsceneService, class com.almasb.fxgl.minigames.MiniGameService, class com.almasb.fxgl.net.NetService, class com.almasb.fxgl.app.services.UpdaterService, class com.almasb.fxgl.dev.DevService]
20:28:31.231 [FXGL Background Thread 3 ] DEBUG Engine               - fontGame: Abel-Regular.ttf
20:28:31.231 [FXGL Background Thread 3 ] DEBUG Engine               - fontMono: TerminalLandMono-Regular.otf
20:28:31.231 [FXGL Background Thread 3 ] DEBUG Engine               - fontSizeScaleUI: 1.0
20:28:31.231 [FXGL Background Thread 3 ] DEBUG Engine               - fontText: Courier-Prime.ttf
20:28:31.231 [FXGL Background Thread 3 ] DEBUG Engine               - fontUI: VarelaRound-Regular.ttf
20:28:31.231 [FXGL Background Thread 3 ] DEBUG Engine               - fullScreen: BooleanProperty [value: false]
20:28:31.231 [FXGL Background Thread 3 ] DEBUG Engine               - gameDifficulty: MEDIUM
20:28:31.231 [FXGL Background Thread 3 ] DEBUG Engine               - gameDifficultyProperty: ObjectProperty [value: MEDIUM]
20:28:31.231 [FXGL Background Thread 3 ] DEBUG Engine               - globalMusicVolume: 0.5
20:28:31.233 [FXGL Background Thread 3 ] DEBUG Engine               - globalMusicVolumeProperty: DoubleProperty [value: 0.5]
20:28:31.233 [FXGL Background Thread 3 ] DEBUG Engine               - globalSoundVolume: 0.5
20:28:31.233 [FXGL Background Thread 3 ] DEBUG Engine               - globalSoundVolumeProperty: DoubleProperty [value: 0.5]
20:28:31.233 [FXGL Background Thread 3 ] DEBUG Engine               - height: 1080
20:28:31.233 [FXGL Background Thread 3 ] DEBUG Engine               - is3D: false
20:28:31.233 [FXGL Background Thread 3 ] DEBUG Engine               - isAndroid: false
20:28:31.233 [FXGL Background Thread 3 ] DEBUG Engine               - isBrowser: false
20:28:31.233 [FXGL Background Thread 3 ] DEBUG Engine               - isClickFeedbackEnabled: false
20:28:31.233 [FXGL Background Thread 3 ] DEBUG Engine               - isCloseConfirmation: false
20:28:31.233 [FXGL Background Thread 3 ] DEBUG Engine               - isDesktop: true
20:28:31.233 [FXGL Background Thread 3 ] DEBUG Engine               - isDeveloperMenuEnabled: false
20:28:31.233 [FXGL Background Thread 3 ] DEBUG Engine               - isEmbedded: false
20:28:31.233 [FXGL Background Thread 3 ] DEBUG Engine               - isEntityPreloadEnabled: true
20:28:31.233 [FXGL Background Thread 3 ] DEBUG Engine               - isExperimentalTiledLargeMap: false
20:28:31.233 [FXGL Background Thread 3 ] DEBUG Engine               - isFileSystemWriteAllowed: true
20:28:31.233 [FXGL Background Thread 3 ] DEBUG Engine               - isFullScreenAllowed: false
20:28:31.233 [FXGL Background Thread 3 ] DEBUG Engine               - isFullScreenFromStart: false
20:28:31.233 [FXGL Background Thread 3 ] DEBUG Engine               - isGameMenuEnabled: true
20:28:31.233 [FXGL Background Thread 3 ] DEBUG Engine               - isIOS: false
20:28:31.233 [FXGL Background Thread 3 ] DEBUG Engine               - isIntroEnabled: false
20:28:31.233 [FXGL Background Thread 3 ] DEBUG Engine               - isLinux: false
20:28:31.233 [FXGL Background Thread 3 ] DEBUG Engine               - isMac: false
20:28:31.234 [FXGL Background Thread 3 ] DEBUG Engine               - isMainMenuEnabled: true
20:28:31.234 [FXGL Background Thread 3 ] DEBUG Engine               - isManualResizeEnabled: false
20:28:31.234 [FXGL Background Thread 3 ] DEBUG Engine               - isMobile: false
20:28:31.234 [FXGL Background Thread 3 ] DEBUG Engine               - isNative: false
20:28:31.234 [FXGL Background Thread 3 ] DEBUG Engine               - isPauseMusicWhenMinimized: true
20:28:31.234 [FXGL Background Thread 3 ] DEBUG Engine               - isPreserveResizeRatio: false
20:28:31.234 [FXGL Background Thread 3 ] DEBUG Engine               - isProfilingEnabled: false
20:28:31.234 [FXGL Background Thread 3 ] DEBUG Engine               - isScaleAffectedOnResize: true
20:28:31.234 [FXGL Background Thread 3 ] DEBUG Engine               - isSingleStep: false
20:28:31.234 [FXGL Background Thread 3 ] DEBUG Engine               - isUserProfileEnabled: false
20:28:31.234 [FXGL Background Thread 3 ] DEBUG Engine               - isWindows: true
20:28:31.234 [FXGL Background Thread 3 ] DEBUG Engine               - language: ObjectProperty [value: ENGLISH]
20:28:31.234 [FXGL Background Thread 3 ] DEBUG Engine               - menuKey: ESCAPE
20:28:31.234 [FXGL Background Thread 3 ] DEBUG Engine               - mouseSensitivity: 0.2
20:28:31.234 [FXGL Background Thread 3 ] DEBUG Engine               - notificationViewClass: class com.almasb.fxgl.notification.view.XboxNotificationView
20:28:31.234 [FXGL Background Thread 3 ] DEBUG Engine               - pixelsPerMeter: 50.0
20:28:31.234 [FXGL Background Thread 3 ] DEBUG Engine               - platform: WINDOWS
20:28:31.234 [FXGL Background Thread 3 ] DEBUG Engine               - prefHeightProperty: ReadOnlyDoubleProperty [value: 1080.0]
20:28:31.234 [FXGL Background Thread 3 ] DEBUG Engine               - prefWidthProperty: ReadOnlyDoubleProperty [value: 1920.0]
20:28:31.234 [FXGL Background Thread 3 ] DEBUG Engine               - profileDir: profiles/
20:28:31.234 [FXGL Background Thread 3 ] DEBUG Engine               - profileName: StringProperty [value: DEFAULT]
20:28:31.234 [FXGL Background Thread 3 ] DEBUG Engine               - randomSeed: -1
20:28:31.234 [FXGL Background Thread 3 ] DEBUG Engine               - runtimeInfo: RuntimeInfo(platform=WINDOWS, version=21+dev-SNAPSHOT, build=31.01.2024 13.44)
20:28:31.234 [FXGL Background Thread 3 ] DEBUG Engine               - saveFileExt: sav
20:28:31.234 [FXGL Background Thread 3 ] DEBUG Engine               - scaledHeightProp$fxgl: DoubleProperty [bound, value: 1031.0]
20:28:31.234 [FXGL Background Thread 3 ] DEBUG Engine               - scaledWidthProp$fxgl: DoubleProperty [bound, value: 1809.0]
20:28:31.234 [FXGL Background Thread 3 ] DEBUG Engine               - sceneFactory: com.nhom67.platformfighter.app.AppSceneFactory@4026b138
20:28:31.234 [FXGL Background Thread 3 ] DEBUG Engine               - secondsIn24h: 60
20:28:31.234 [FXGL Background Thread 3 ] DEBUG Engine               - soundMenuBack: menu/back.wav
20:28:31.234 [FXGL Background Thread 3 ] DEBUG Engine               - soundMenuPress: menu/press.wav
20:28:31.234 [FXGL Background Thread 3 ] DEBUG Engine               - soundMenuSelect: menu/select.wav
20:28:31.234 [FXGL Background Thread 3 ] DEBUG Engine               - soundNotification: core/notification.wav
20:28:31.234 [FXGL Background Thread 3 ] DEBUG Engine               - stageStyle: DECORATED
20:28:31.234 [FXGL Background Thread 3 ] DEBUG Engine               - supportedLanguages: [ENGLISH, FRENCH, GERMAN, HUNGARIAN, RUSSIAN]
20:28:31.234 [FXGL Background Thread 3 ] DEBUG Engine               - ticksPerSecond: -1
20:28:31.234 [FXGL Background Thread 3 ] DEBUG Engine               - title: 67-Fighter
20:28:31.234 [FXGL Background Thread 3 ] DEBUG Engine               - urlGithub: https://github.com/AlmasB/FXGL
20:28:31.234 [FXGL Background Thread 3 ] DEBUG Engine               - urlLeaderboard: http://fxgl-top.herokuapp.com/
20:28:31.235 [FXGL Background Thread 3 ] DEBUG Engine               - urlPOM: https://raw.githubusercontent.com/AlmasB/FXGL/release/README.md
20:28:31.235 [FXGL Background Thread 3 ] DEBUG Engine               - userAppClass: class com.nhom67.platformfighter.app.FighterApp
20:28:31.235 [FXGL Background Thread 3 ] DEBUG Engine               - version: 1.0
20:28:31.235 [FXGL Background Thread 3 ] DEBUG Engine               - versionCheckDays: 7
20:28:31.235 [FXGL Background Thread 3 ] DEBUG Engine               - width: 1920
20:28:31.235 [FXGL Background Thread 3 ] DEBUG Engine               - Logging services
20:28:31.235 [FXGL Background Thread 3 ] DEBUG Engine               - class com.almasb.fxgl.app.services.FXGLAssetLoaderService
20:28:31.235 [FXGL Background Thread 3 ] DEBUG Engine               - class com.almasb.fxgl.app.FXGLApplication$GameApplicationService
20:28:31.235 [FXGL Background Thread 3 ] DEBUG Engine               - class com.almasb.fxgl.app.services.FXGLDialogService
20:28:31.235 [FXGL Background Thread 3 ] DEBUG Engine               - class com.almasb.fxgl.app.services.IOTaskExecutorService
20:28:31.235 [FXGL Background Thread 3 ] DEBUG Engine               - class com.almasb.fxgl.io.FileSystemService
20:28:31.235 [FXGL Background Thread 3 ] DEBUG Engine               - class com.almasb.fxgl.localization.LocalizationService
20:28:31.235 [FXGL Background Thread 3 ] DEBUG Engine               - class com.almasb.fxgl.app.services.SystemBundleService
20:28:31.235 [FXGL Background Thread 3 ] DEBUG Engine               - class com.almasb.fxgl.profile.SaveLoadService
20:28:31.235 [FXGL Background Thread 3 ] DEBUG Engine               - class com.almasb.fxgl.ui.FXGLUIFactoryServiceProvider
20:28:31.235 [FXGL Background Thread 3 ] DEBUG Engine               - class com.almasb.fxgl.ui.FXGLDialogFactoryServiceProvider
20:28:31.235 [FXGL Background Thread 3 ] DEBUG Engine               - class com.almasb.fxgl.audio.AudioPlayer
20:28:31.235 [FXGL Background Thread 3 ] DEBUG Engine               - class com.almasb.fxgl.notification.impl.NotificationServiceProvider
20:28:31.235 [FXGL Background Thread 3 ] DEBUG Engine               - class com.almasb.fxgl.achievement.AchievementService
20:28:31.235 [FXGL Background Thread 3 ] DEBUG Engine               - class com.almasb.fxgl.cutscene.CutsceneService
20:28:31.235 [FXGL Background Thread 3 ] DEBUG Engine               - class com.almasb.fxgl.minigames.MiniGameService
20:28:31.235 [FXGL Background Thread 3 ] DEBUG Engine               - class com.almasb.fxgl.net.NetService
20:28:31.235 [FXGL Background Thread 3 ] DEBUG Engine               - class com.almasb.fxgl.app.services.UpdaterService
20:28:31.235 [FXGL Background Thread 3 ] DEBUG Engine               - class com.almasb.fxgl.dev.DevService
20:28:31.729 [JavaFX Application Thread] DEBUG PrimaryStageWindow   - Pop state: SelectScene
20:28:31.729 [JavaFX Application Thread] DEBUG Input                - Clearing active input actions
20:28:31.732 [JavaFX Application Thread] DEBUG GameApplicationServi - Removing overlay from SelectScene and adding to MenuScene
20:28:31.733 [JavaFX Application Thread] DEBUG PrimaryStageWindow   - MenuScene <- SelectScene
20:28:31.733 [JavaFX Application Thread] DEBUG GameApplicationServi - Starting new game
20:28:31.733 [JavaFX Application Thread] DEBUG PrimaryStageWindow   - Pop state: MenuScene
20:28:31.733 [JavaFX Application Thread] DEBUG Input                - Clearing active input actions
20:28:31.733 [JavaFX Application Thread] DEBUG GameApplicationServi - Removing overlay from MenuScene and adding to FXGLMainMenuDummyScene
20:28:31.733 [JavaFX Application Thread] DEBUG PrimaryStageWindow   - FXGLMainMenuDummyScene <- MenuScene
20:28:31.734 [JavaFX Application Thread] DEBUG Input                - Clearing active input actions
20:28:31.741 [JavaFX Application Thread] DEBUG GameApplicationServi - Removing overlay from FXGLMainMenuDummyScene and adding to FXGLLoadingScene
20:28:31.741 [JavaFX Application Thread] DEBUG PrimaryStageWindow   - FXGLMainMenuDummyScene -> FXGLLoadingScene
20:28:31.741 [JavaFX Application Thread] DEBUG GameApplicationServi - Clearing previous game
20:28:31.741 [JavaFX Application Thread] DEBUG GameScene            - Clearing game scene
20:28:31.741 [JavaFX Application Thread] DEBUG GameWorld            - Clearing game world
20:28:31.741 [JavaFX Application Thread] DEBUG PhysicsWorld         - Clearing physics world
20:28:31.746 [FXGL Background Thread 2 ] DEBUG FXGLApplication      - Initializing game
20:28:31.790 [FXGL Background Thread 2 ] WARN  TMXLevelLoader       - TiledMap generated from 1.12.2. Supported version: 1.9.0. Some features may not be parsed fully.
20:28:31.797 [FXGL Background Thread 2 ] DEBUG TMXLevelLoader       - Parsed TiledMap: file:/D:/gamemake/fighter67/target/classes/assets/levels/map1.tmx
20:28:31.797 [FXGL Background Thread 2 ] DEBUG TMXLevelLoader       - Creating tile layer entities
20:28:31.802 [FXGL Background Thread 2 ] DEBUG TilesetLoader        - Loading view for layer Tile Layer 1
20:28:31.805 [FXGL Background Thread 2 ] DEBUG TilesetLoader        - Created buffer with size 1920.0x1088.0
20:28:31.826 [FXGL Background Thread 2 ] DEBUG TMXLevelLoader       - Creating object layer entities
20:28:31.859 [FXGL Background Thread 2 ] DEBUG GameWorld            - Clearing removable entities
20:28:31.861 [FXGL Background Thread 2 ] DEBUG GameWorld            - Setting level: com.almasb.fxgl.entity.level.Level@77d34bdb
20:28:31.892 [FXGL Background Thread 2 ] INFO  FXGLApplication      - Game initialization took: 0.146 sec
20:28:31.895 [JavaFX Application Thread] DEBUG Input                - Clearing active input actions
20:28:31.901 [JavaFX Application Thread] DEBUG GameApplicationServi - Removing overlay from FXGLLoadingScene and adding to GameScene
20:28:31.902 [JavaFX Application Thread] DEBUG PrimaryStageWindow   - FXGLLoadingScene -> GameScene
20:28:42.655 [JavaFX Application Thread] DEBUG PrimaryStageWindow   - Push state: GameOverScene
20:28:42.655 [JavaFX Application Thread] DEBUG Input                - Clearing active input actions
20:28:42.655 [JavaFX Application Thread] DEBUG GameApplicationServi - Removing overlay from GameScene and adding to GameOverScene
20:28:42.655 [JavaFX Application Thread] DEBUG PrimaryStageWindow   - GameScene -> GameOverScene
20:28:43.510 [JavaFX Application Thread] DEBUG PrimaryStageWindow   - Pop state: GameOverScene
20:28:43.510 [JavaFX Application Thread] DEBUG Input                - Clearing active input actions
20:28:43.510 [JavaFX Application Thread] DEBUG GameApplicationServi - Removing overlay from GameOverScene and adding to GameScene
20:28:43.511 [JavaFX Application Thread] DEBUG PrimaryStageWindow   - GameScene <- GameOverScene
20:28:43.511 [JavaFX Application Thread] DEBUG Input                - Clearing active input actions
20:28:43.516 [JavaFX Application Thread] DEBUG GameApplicationServi - Removing overlay from GameScene and adding to FXGLMainMenuDummyScene
20:28:43.516 [JavaFX Application Thread] DEBUG PrimaryStageWindow   - GameScene -> FXGLMainMenuDummyScene
20:28:43.516 [JavaFX Application Thread] DEBUG PrimaryStageWindow   - Push state: MenuScene
20:28:43.516 [JavaFX Application Thread] DEBUG Input                - Clearing active input actions
20:28:43.517 [JavaFX Application Thread] DEBUG GameApplicationServi - Removing overlay from FXGLMainMenuDummyScene and adding to MenuScene
20:28:43.517 [JavaFX Application Thread] DEBUG PrimaryStageWindow   - FXGLMainMenuDummyScene -> MenuScene
20:28:43.519 [JavaFX Application Thread] DEBUG Input                - Registered new binding: Back - Esc
20:28:43.519 [JavaFX Application Thread] DEBUG PrimaryStageWindow   - Push state: SelectScene
20:28:43.519 [JavaFX Application Thread] DEBUG Input                - Clearing active input actions
20:28:43.519 [JavaFX Application Thread] DEBUG GameApplicationServi - Removing overlay from MenuScene and adding to SelectScene
20:28:43.519 [JavaFX Application Thread] DEBUG PrimaryStageWindow   - MenuScene -> SelectScene
20:28:44.290 [JavaFX Application Thread] DEBUG PrimaryStageWindow   - Pop state: SelectScene
20:28:44.290 [JavaFX Application Thread] DEBUG Input                - Clearing active input actions
20:28:44.292 [JavaFX Application Thread] DEBUG GameApplicationServi - Removing overlay from SelectScene and adding to MenuScene
20:28:44.292 [JavaFX Application Thread] DEBUG PrimaryStageWindow   - MenuScene <- SelectScene
20:28:44.292 [JavaFX Application Thread] DEBUG GameApplicationServi - Starting new game
20:28:44.292 [JavaFX Application Thread] DEBUG PrimaryStageWindow   - Pop state: MenuScene
20:28:44.292 [JavaFX Application Thread] DEBUG Input                - Clearing active input actions
20:28:44.292 [JavaFX Application Thread] DEBUG GameApplicationServi - Removing overlay from MenuScene and adding to FXGLMainMenuDummyScene
20:28:44.292 [JavaFX Application Thread] DEBUG PrimaryStageWindow   - FXGLMainMenuDummyScene <- MenuScene
20:28:44.292 [JavaFX Application Thread] DEBUG Input                - Clearing active input actions
20:28:44.297 [JavaFX Application Thread] DEBUG GameApplicationServi - Removing overlay from FXGLMainMenuDummyScene and adding to FXGLLoadingScene
20:28:44.297 [JavaFX Application Thread] DEBUG PrimaryStageWindow   - FXGLMainMenuDummyScene -> FXGLLoadingScene
20:28:44.298 [JavaFX Application Thread] DEBUG GameApplicationServi - Clearing previous game
20:28:44.298 [JavaFX Application Thread] DEBUG GameScene            - Clearing game scene
20:28:44.298 [JavaFX Application Thread] DEBUG GameWorld            - Clearing game world
20:28:44.302 [JavaFX Application Thread] DEBUG PhysicsWorld         - Clearing physics world
20:28:44.303 [FXGL Background Thread 2 ] DEBUG FXGLApplication      - Initializing game
20:28:44.306 [FXGL Background Thread 2 ] WARN  TMXLevelLoader       - TiledMap generated from 1.12.2. Supported version: 1.9.0. Some features may not be parsed fully.
20:28:44.308 [FXGL Background Thread 2 ] DEBUG TMXLevelLoader       - Parsed TiledMap: file:/D:/gamemake/fighter67/target/classes/assets/levels/map1.tmx
20:28:44.308 [FXGL Background Thread 2 ] DEBUG TMXLevelLoader       - Creating tile layer entities
20:28:44.309 [FXGL Background Thread 2 ] DEBUG TilesetLoader        - Loading view for layer Tile Layer 1
20:28:44.312 [FXGL Background Thread 2 ] DEBUG TilesetLoader        - Created buffer with size 1920.0x1088.0
20:28:44.319 [FXGL Background Thread 2 ] DEBUG TMXLevelLoader       - Creating object layer entities
20:28:44.321 [FXGL Background Thread 2 ] DEBUG GameWorld            - Clearing removable entities
20:28:44.321 [FXGL Background Thread 2 ] DEBUG GameWorld            - Setting level: com.almasb.fxgl.entity.level.Level@1897cf34
20:28:44.328 [FXGL Background Thread 2 ] INFO  FXGLApplication      - Game initialization took: 0.025 sec
20:28:44.329 [JavaFX Application Thread] DEBUG Input                - Clearing active input actions
20:28:44.334 [JavaFX Application Thread] DEBUG GameApplicationServi - Removing overlay from FXGLLoadingScene and adding to GameScene
20:28:44.336 [JavaFX Application Thread] DEBUG PrimaryStageWindow   - FXGLLoadingScene -> GameScene
20:28:52.455 [JavaFX Application Thread] DEBUG PrimaryStageWindow   - Push state: GameOverScene
20:28:52.457 [JavaFX Application Thread] DEBUG Input                - Clearing active input actions
20:28:52.457 [JavaFX Application Thread] DEBUG GameApplicationServi - Removing overlay from GameScene and adding to GameOverScene
20:28:52.458 [JavaFX Application Thread] DEBUG PrimaryStageWindow   - GameScene -> GameOverScene
20:28:53.585 [JavaFX Application Thread] DEBUG PrimaryStageWindow   - Pop state: GameOverScene
20:28:53.586 [JavaFX Application Thread] DEBUG Input                - Clearing active input actions
20:28:53.586 [JavaFX Application Thread] DEBUG GameApplicationServi - Removing overlay from GameOverScene and adding to GameScene
20:28:53.586 [JavaFX Application Thread] DEBUG PrimaryStageWindow   - GameScene <- GameOverScene
20:28:53.586 [JavaFX Application Thread] DEBUG Input                - Clearing active input actions
20:28:53.596 [JavaFX Application Thread] DEBUG GameApplicationServi - Removing overlay from GameScene and adding to FXGLMainMenuDummyScene
20:28:53.597 [JavaFX Application Thread] DEBUG PrimaryStageWindow   - GameScene -> FXGLMainMenuDummyScene
20:28:53.597 [JavaFX Application Thread] DEBUG PrimaryStageWindow   - Push state: MenuScene
20:28:53.597 [JavaFX Application Thread] DEBUG Input                - Clearing active input actions
20:28:53.598 [JavaFX Application Thread] DEBUG GameApplicationServi - Removing overlay from FXGLMainMenuDummyScene and adding to MenuScene
20:28:53.598 [JavaFX Application Thread] DEBUG PrimaryStageWindow   - FXGLMainMenuDummyScene -> MenuScene
20:28:53.598 [JavaFX Application Thread] DEBUG Input                - Registered new binding: Back - Esc
20:28:53.598 [JavaFX Application Thread] DEBUG PrimaryStageWindow   - Push state: SelectScene
20:28:53.599 [JavaFX Application Thread] DEBUG Input                - Clearing active input actions
20:28:53.599 [JavaFX Application Thread] DEBUG GameApplicationServi - Removing overlay from MenuScene and adding to SelectScene
20:28:53.599 [JavaFX Application Thread] DEBUG PrimaryStageWindow   - MenuScene -> SelectScene
20:28:54.528 [JavaFX Application Thread] DEBUG PrimaryStageWindow   - Pop state: SelectScene
20:28:54.529 [JavaFX Application Thread] DEBUG Input                - Clearing active input actions
20:28:54.529 [JavaFX Application Thread] DEBUG GameApplicationServi - Removing overlay from SelectScene and adding to MenuScene
20:28:54.530 [JavaFX Application Thread] DEBUG PrimaryStageWindow   - MenuScene <- SelectScene
20:28:54.530 [JavaFX Application Thread] DEBUG GameApplicationServi - Starting new game
20:28:54.530 [JavaFX Application Thread] DEBUG PrimaryStageWindow   - Pop state: MenuScene
20:28:54.530 [JavaFX Application Thread] DEBUG Input                - Clearing active input actions
20:28:54.532 [JavaFX Application Thread] DEBUG GameApplicationServi - Removing overlay from MenuScene and adding to FXGLMainMenuDummyScene
20:28:54.532 [JavaFX Application Thread] DEBUG PrimaryStageWindow   - FXGLMainMenuDummyScene <- MenuScene
20:28:54.532 [JavaFX Application Thread] DEBUG Input                - Clearing active input actions
20:28:54.535 [JavaFX Application Thread] DEBUG GameApplicationServi - Removing overlay from FXGLMainMenuDummyScene and adding to FXGLLoadingScene
20:28:54.535 [JavaFX Application Thread] DEBUG PrimaryStageWindow   - FXGLMainMenuDummyScene -> FXGLLoadingScene
20:28:54.535 [JavaFX Application Thread] DEBUG GameApplicationServi - Clearing previous game
20:28:54.535 [JavaFX Application Thread] DEBUG GameScene            - Clearing game scene
20:28:54.535 [JavaFX Application Thread] DEBUG GameWorld            - Clearing game world
20:28:54.537 [JavaFX Application Thread] DEBUG PhysicsWorld         - Clearing physics world
20:28:54.537 [FXGL Background Thread 2 ] DEBUG FXGLApplication      - Initializing game
20:28:54.539 [FXGL Background Thread 2 ] WARN  TMXLevelLoader       - TiledMap generated from 1.12.2. Supported version: 1.9.0. Some features may not be parsed fully.
20:28:54.542 [FXGL Background Thread 2 ] DEBUG TMXLevelLoader       - Parsed TiledMap: file:/D:/gamemake/fighter67/target/classes/assets/levels/map1.tmx
20:28:54.542 [FXGL Background Thread 2 ] DEBUG TMXLevelLoader       - Creating tile layer entities
20:28:54.542 [FXGL Background Thread 2 ] DEBUG TilesetLoader        - Loading view for layer Tile Layer 1
20:28:54.544 [FXGL Background Thread 2 ] DEBUG TilesetLoader        - Created buffer with size 1920.0x1088.0
20:28:54.552 [FXGL Background Thread 2 ] DEBUG TMXLevelLoader       - Creating object layer entities
20:28:54.553 [FXGL Background Thread 2 ] DEBUG GameWorld            - Clearing removable entities
20:28:54.553 [FXGL Background Thread 2 ] DEBUG GameWorld            - Setting level: com.almasb.fxgl.entity.level.Level@989d5c4
20:28:54.559 [FXGL Background Thread 2 ] INFO  FXGLApplication      - Game initialization took: 0.022 sec
20:28:54.559 [JavaFX Application Thread] DEBUG Input                - Clearing active input actions
20:28:54.565 [JavaFX Application Thread] DEBUG GameApplicationServi - Removing overlay from FXGLLoadingScene and adding to GameScene
20:28:54.565 [JavaFX Application Thread] DEBUG PrimaryStageWindow   - FXGLLoadingScene -> GameScene
20:29:17.978 [JavaFX Application Thread] DEBUG PrimaryStageWindow   - Push state: GameOverScene
20:29:17.979 [JavaFX Application Thread] DEBUG Input                - Clearing active input actions
20:29:17.979 [JavaFX Application Thread] DEBUG GameApplicationServi - Removing overlay from GameScene and adding to GameOverScene
20:29:17.979 [JavaFX Application Thread] DEBUG PrimaryStageWindow   - GameScene -> GameOverScene
20:29:19.147 [JavaFX Application Thread] DEBUG PrimaryStageWindow   - Pop state: GameOverScene
20:29:19.147 [JavaFX Application Thread] DEBUG Input                - Clearing active input actions
20:29:19.147 [JavaFX Application Thread] DEBUG GameApplicationServi - Removing overlay from GameOverScene and adding to GameScene
20:29:19.148 [JavaFX Application Thread] DEBUG PrimaryStageWindow   - GameScene <- GameOverScene
20:29:19.148 [JavaFX Application Thread] DEBUG Input                - Clearing active input actions
20:29:19.151 [JavaFX Application Thread] DEBUG GameApplicationServi - Removing overlay from GameScene and adding to FXGLMainMenuDummyScene
20:29:19.153 [JavaFX Application Thread] DEBUG PrimaryStageWindow   - GameScene -> FXGLMainMenuDummyScene
20:29:19.153 [JavaFX Application Thread] DEBUG PrimaryStageWindow   - Push state: MenuScene
20:29:19.153 [JavaFX Application Thread] DEBUG Input                - Clearing active input actions
20:29:19.153 [JavaFX Application Thread] DEBUG GameApplicationServi - Removing overlay from FXGLMainMenuDummyScene and adding to MenuScene
20:29:19.153 [JavaFX Application Thread] DEBUG PrimaryStageWindow   - FXGLMainMenuDummyScene -> MenuScene
20:29:19.154 [JavaFX Application Thread] DEBUG Input                - Registered new binding: Back - Esc
20:29:19.154 [JavaFX Application Thread] DEBUG PrimaryStageWindow   - Push state: SelectScene
20:29:19.154 [JavaFX Application Thread] DEBUG Input                - Clearing active input actions
20:29:19.155 [JavaFX Application Thread] DEBUG GameApplicationServi - Removing overlay from MenuScene and adding to SelectScene
20:29:19.155 [JavaFX Application Thread] DEBUG PrimaryStageWindow   - MenuScene -> SelectScene
20:29:19.849 [JavaFX Application Thread] DEBUG PrimaryStageWindow   - Pop state: SelectScene
20:29:19.849 [JavaFX Application Thread] DEBUG Input                - Clearing active input actions
20:29:19.849 [JavaFX Application Thread] DEBUG GameApplicationServi - Removing overlay from SelectScene and adding to MenuScene
20:29:19.849 [JavaFX Application Thread] DEBUG PrimaryStageWindow   - MenuScene <- SelectScene
20:29:19.849 [JavaFX Application Thread] DEBUG GameApplicationServi - Starting new game
20:29:19.849 [JavaFX Application Thread] DEBUG PrimaryStageWindow   - Pop state: MenuScene
20:29:19.849 [JavaFX Application Thread] DEBUG Input                - Clearing active input actions
20:29:19.849 [JavaFX Application Thread] DEBUG GameApplicationServi - Removing overlay from MenuScene and adding to FXGLMainMenuDummyScene
20:29:19.849 [JavaFX Application Thread] DEBUG PrimaryStageWindow   - FXGLMainMenuDummyScene <- MenuScene
20:29:19.849 [JavaFX Application Thread] DEBUG Input                - Clearing active input actions
20:29:19.854 [JavaFX Application Thread] DEBUG GameApplicationServi - Removing overlay from FXGLMainMenuDummyScene and adding to FXGLLoadingScene
20:29:19.854 [JavaFX Application Thread] DEBUG PrimaryStageWindow   - FXGLMainMenuDummyScene -> FXGLLoadingScene
20:29:19.854 [JavaFX Application Thread] DEBUG GameApplicationServi - Clearing previous game
20:29:19.854 [JavaFX Application Thread] DEBUG GameScene            - Clearing game scene
20:29:19.854 [JavaFX Application Thread] DEBUG GameWorld            - Clearing game world
20:29:19.856 [JavaFX Application Thread] DEBUG PhysicsWorld         - Clearing physics world
20:29:19.856 [FXGL Background Thread 2 ] DEBUG FXGLApplication      - Initializing game
20:29:19.860 [FXGL Background Thread 2 ] WARN  TMXLevelLoader       - TiledMap generated from 1.12.2. Supported version: 1.9.0. Some features may not be parsed fully.
20:29:19.863 [FXGL Background Thread 2 ] DEBUG TMXLevelLoader       - Parsed TiledMap: file:/D:/gamemake/fighter67/target/classes/assets/levels/map1.tmx
20:29:19.863 [FXGL Background Thread 2 ] DEBUG TMXLevelLoader       - Creating tile layer entities
20:29:19.864 [FXGL Background Thread 2 ] DEBUG TilesetLoader        - Loading view for layer Tile Layer 1
20:29:19.866 [FXGL Background Thread 2 ] DEBUG TilesetLoader        - Created buffer with size 1920.0x1088.0
20:29:19.875 [FXGL Background Thread 2 ] DEBUG TMXLevelLoader       - Creating object layer entities
20:29:19.875 [FXGL Background Thread 2 ] DEBUG GameWorld            - Clearing removable entities
20:29:19.875 [FXGL Background Thread 2 ] DEBUG GameWorld            - Setting level: com.almasb.fxgl.entity.level.Level@4522260e
20:29:19.881 [FXGL Background Thread 2 ] INFO  FXGLApplication      - Game initialization took: 0.025 sec
20:29:19.881 [JavaFX Application Thread] DEBUG Input                - Clearing active input actions
20:29:19.886 [JavaFX Application Thread] DEBUG GameApplicationServi - Removing overlay from FXGLLoadingScene and adding to GameScene
20:29:19.887 [JavaFX Application Thread] DEBUG PrimaryStageWindow   - FXGLLoadingScene -> GameScene
20:31:21.168 [JavaFX Application Thread] DEBUG FXGLApplication      - Exiting FXGL
20:31:21.168 [JavaFX Application Thread] DEBUG LoopRunner           - Stopping loop
20:31:21.168 [JavaFX Application Thread] DEBUG SystemBundleService  - Saving FXGL system data
20:31:21.172 [JavaFX Application Thread] DEBUG FileSystemAccess     - Writing to: D:\gamemake\fighter67\system\fxgl.bundle
20:31:21.177 [JavaFX Application Thread] DEBUG Async                - Shutting down background threads
20:31:21.177 [JavaFX Application Thread] DEBUG PrimaryStageWindow   - Closing main window
20:31:21.196 [JavaFX Application Thread] DEBUG Logger               - Closing Logger
