20:35:17.017 [main                     ] DEBUG Logger               - Configured Logger
20:35:17.029 [main                     ] DEBUG GameApplication      - Logging settings
Title: 67-Fighter
Version: 1.0
Width: 1920
Height: 1080
Fullscreen: false
Intro: false
Profiling: false
Single step:false
App Mode: DEVELOPER
Menu Key: ESCAPE
Stage Style: DECORATED
Scene Factory: class com.nhom67.platformfighter.app.AppSceneFactory

20:35:17.713 [JavaFX Application Thread] DEBUG FXGLApplication      - Initializing FXGL
20:35:17.718 [JavaFX Application Thread] INFO  Engine               - FXGL-21+dev-SNAPSHOT (31.01.2024 13.44) on WINDOWS (J:26.0.1 FX:21.0.2)
20:35:17.718 [JavaFX Application Thread] DEBUG Engine               - JRE Vendor Name: Oracle Corporation
20:35:17.719 [JavaFX Application Thread] DEBUG Engine               - Running on OS: Windows 11 version 10.0
20:35:17.719 [JavaFX Application Thread] DEBUG Engine               - Architecture: amd64
20:35:17.719 [JavaFX Application Thread] INFO  Engine               - Source code and latest versions at: https://github.com/AlmasB/FXGL
20:35:17.719 [JavaFX Application Thread] INFO  Engine               -       Ask questions and discuss at: https://github.com/AlmasB/FXGL/discussions
20:35:17.719 [JavaFX Application Thread] INFO  Engine               -              Join the FXGL chat at: https://gitter.im/AlmasB/FXGL
20:35:17.851 [JavaFX Application Thread] DEBUG PrimaryStageWindow   - Creating a JavaFX scene
20:35:17.851 [JavaFX Application Thread] DEBUG PrimaryStageWindow   - Target size > screen size
20:35:17.938 [JavaFX Application Thread] DEBUG PrimaryStageWindow   - Target settings size: 1920.0 x 1080.0
20:35:17.938 [JavaFX Application Thread] DEBUG PrimaryStageWindow   - Scaled scene size:    1809.0 x 1031.0
20:35:17.938 [JavaFX Application Thread] DEBUG PrimaryStageWindow   - Scaled ratio: (0.9421875, 0.9546296296296296)
20:35:17.939 [JavaFX Application Thread] DEBUG PrimaryStageWindow   - Set initial scene to FXGLStartupScene
20:35:17.944 [JavaFX Application Thread] DEBUG PrimaryStageWindow   - Opening main window
20:35:18.099 [JavaFX Application Thread] DEBUG PrimaryStageWindow   - Window border size: (16.0, 39.0)
20:35:18.101 [JavaFX Application Thread] DEBUG PrimaryStageWindow   - Scaled size: 1809.0 x 1031.0
20:35:18.101 [JavaFX Application Thread] DEBUG PrimaryStageWindow   - Scaled ratio: (0.9421875, 0.9546296296296296)
20:35:18.101 [JavaFX Application Thread] DEBUG PrimaryStageWindow   - Scene size: 1809.0 x 1031.0
20:35:18.101 [JavaFX Application Thread] DEBUG PrimaryStageWindow   - Stage size: 1825.0 x 1070.0
20:35:18.116 [FXGL Background Thread 1 ] DEBUG Engine               - Initializing environment variables
20:35:18.202 [FXGL Background Thread 1 ] DEBUG FXGLAssetLoaderServi - User app class for loading assets: class com.nhom67.platformfighter.app.FighterApp
20:35:18.203 [FXGL Background Thread 1 ] DEBUG GameApplicationServi - Applying CSS: fxgl_dark.css
20:35:18.203 [FXGL Background Thread 1 ] DEBUG FXGLAssetLoaderServi - Loading from file system: jar:file:///C:/Users/long1/.m2/repository/com/github/AlmasB/FXGL/fxgl/21/fxgl-21.jar!/fxglassets/ui/css/fxgl_dark.css
20:35:18.265 [FXGL Background Thread 1 ] DEBUG GameApplicationServi - Initializing application scenes
20:35:18.324 [FXGL Background Thread 1 ] DEBUG GameWorld            - Game world initialized
20:35:18.371 [FXGL Background Thread 1 ] DEBUG PhysicsWorld         - Physics world initialized: appHeight=1080, physics.ppm=50.0
20:35:18.372 [FXGL Background Thread 1 ] DEBUG PhysicsWorld         - Using strategy: BRUTE_FORCE
20:35:18.377 [FXGL Background Thread 1 ] DEBUG GameScene            - Game scene initialized: 1920x1080
20:35:18.412 [FXGL Background Thread 1 ] DEBUG FXGL.DefaultMenu     - createMenuBodyGameMenu()
20:35:18.425 [FXGL Background Thread 1 ] DEBUG FXGL.DefaultMenu     - createOptionsMenu()
20:35:18.436 [FXGL Background Thread 1 ] DEBUG FXGLAssetLoaderServi - Loading from file system: jar:file:///C:/Users/long1/.m2/repository/com/github/AlmasB/FXGL/fxgl/21/fxgl-21.jar!/fxglassets/textures/particles/smoke.png
20:35:18.548 [FXGL Background Thread 1 ] DEBUG FXGLAssetLoaderServi - Loading from file system: jar:file:///C:/Users/long1/.m2/repository/com/github/AlmasB/FXGL/fxgl/21/fxgl-21.jar!/fxglassets/textures/particles/trace_horizontal.png
20:35:18.583 [FXGL Background Thread 1 ] DEBUG GameApplicationServi - Application scenes initialized
20:35:18.602 [FXGL Background Thread 1 ] DEBUG SystemBundleService  - Loading FXGL system data
20:35:18.607 [FXGL Background Thread 1 ] DEBUG FileSystemAccess     - Reading from: D:\gamemake\fighter67\system\fxgl.bundle
20:35:18.624 [FXGL Background Thread 1 ] DEBUG SystemBundleService  - Bundle FXGL: {}
20:35:18.625 [FXGL Background Thread 1 ] DEBUG UpdaterService       - Checking for updates
20:35:18.633 [FXGL Background Thread 4 ] DEBUG FXGLApplication      - Loading fonts
20:35:18.634 [FXGL Background Thread 1 ] DEBUG FXGLApplication      - Loading default localization
20:35:18.635 [FXGL Background Thread 4 ] DEBUG FXGLAssetLoaderServi - Loading from file system: jar:file:///C:/Users/long1/.m2/repository/com/github/AlmasB/FXGL/fxgl/21/fxgl-21.jar!/fxglassets/ui/fonts/VarelaRound-Regular.ttf
20:35:18.636 [FXGL Background Thread 1 ] DEBUG FXGLAssetLoaderServi - Loading from file system: jar:file:///C:/Users/long1/.m2/repository/com/github/AlmasB/FXGL/fxgl/21/fxgl-21.jar!/fxglassets/languages/english.lang
20:35:18.663 [FXGL Background Thread 1 ] INFO  FXGLApplication      - FXGL initialization took: 0.547 sec
20:35:18.675 [JavaFX Application Thread] DEBUG Input                - Registered new binding: Move Left - A
20:35:18.675 [JavaFX Application Thread] DEBUG Input                - Registered new binding: Move Right - D
20:35:18.676 [JavaFX Application Thread] DEBUG Input                - Registered new binding: Jump - W
20:35:18.676 [JavaFX Application Thread] DEBUG Input                - Registered new binding: Drop Down - S
20:35:18.676 [JavaFX Application Thread] DEBUG Input                - Registered new binding: Move Left 2 - Left
20:35:18.676 [JavaFX Application Thread] DEBUG Input                - Registered new binding: Move Right 2 - Right
20:35:18.676 [JavaFX Application Thread] DEBUG Input                - Registered new binding: Jump 2 - Up
20:35:18.676 [JavaFX Application Thread] DEBUG Input                - Registered new binding: Drop Down 2 - Down
20:35:18.677 [JavaFX Application Thread] DEBUG FXGLAssetLoaderServi - Loading from file system: jar:file:///C:/Users/long1/.m2/repository/com/github/AlmasB/FXGL/fxgl/21/fxgl-21.jar!/fxglassets/textures/fxgl_icon.png
20:35:18.700 [JavaFX Application Thread] DEBUG FXGLAssetLoaderServi - Loading from file system: jar:file:///C:/Users/long1/.m2/repository/com/github/AlmasB/FXGL/fxgl/21/fxgl-21.jar!/fxglassets/textures/fxgl_default_cursor.png
20:35:18.705 [JavaFX Application Thread] DEBUG Input                - Registered new binding: Screenshot - CTRL+8
20:35:18.706 [JavaFX Application Thread] DEBUG Input                - Registered new binding: System info dump - CTRL+9
20:35:18.706 [JavaFX Application Thread] DEBUG Input                - Registered new binding: Restart - CTRL+R
20:35:18.706 [JavaFX Application Thread] DEBUG Input                - Registered new binding: Toggle Debug Camera - CTRL+7
20:35:18.712 [JavaFX Application Thread] DEBUG LoopRunner           - Starting loop
20:35:18.712 [JavaFX Application Thread] DEBUG LoopRunner           - Initializing JavaFX AnimationTimerLoop
20:35:18.713 [FXGL Background Thread 4 ] DEBUG FXGLAssetLoaderServi - Loading from file system: jar:file:///C:/Users/long1/.m2/repository/com/github/AlmasB/FXGL/fxgl/21/fxgl-21.jar!/fxglassets/ui/fonts/Abel-Regular.ttf
20:35:18.717 [JavaFX Application Thread] DEBUG Input                - Clearing active input actions
20:35:18.734 [JavaFX Application Thread] DEBUG GameApplicationServi - Removing overlay from FXGLStartupScene and adding to FXGLMainMenuDummyScene
20:35:18.735 [JavaFX Application Thread] DEBUG PrimaryStageWindow   - FXGLStartupScene -> FXGLMainMenuDummyScene
20:35:18.735 [JavaFX Application Thread] DEBUG PrimaryStageWindow   - Push state: MenuScene
20:35:18.735 [JavaFX Application Thread] DEBUG Input                - Clearing active input actions
20:35:18.741 [JavaFX Application Thread] DEBUG GameApplicationServi - Removing overlay from FXGLMainMenuDummyScene and adding to MenuScene
20:35:18.743 [JavaFX Application Thread] DEBUG PrimaryStageWindow   - FXGLMainMenuDummyScene -> MenuScene
20:35:18.743 [FXGL Background Thread 4 ] DEBUG FXGLAssetLoaderServi - Loading from file system: jar:file:///C:/Users/long1/.m2/repository/com/github/AlmasB/FXGL/fxgl/21/fxgl-21.jar!/fxglassets/ui/fonts/TerminalLandMono-Regular.otf
20:35:18.767 [FXGL Background Thread 4 ] DEBUG FXGLAssetLoaderServi - Loading from file system: jar:file:///C:/Users/long1/.m2/repository/com/github/AlmasB/FXGL/fxgl/21/fxgl-21.jar!/fxglassets/ui/fonts/Courier-Prime.ttf
20:35:18.856 [JavaFX Application Thread] DEBUG FXGLApplication      - Registering font factories with UI factory
20:35:19.398 [FXGL Background Thread 2 ] INFO  UpdaterService       - Your current version:  21+dev-SNAPSHOT
20:35:19.399 [FXGL Background Thread 2 ] INFO  UpdaterService       - Latest stable version: 25
20:35:19.783 [JavaFX Application Thread] DEBUG FXGLAssetLoaderServi - Loading from file system: file:/D:/gamemake/fighter67/target/classes/assets/textures/maps/map1background.png
20:35:19.828 [JavaFX Application Thread] DEBUG Input                - Registered new binding: Back - Esc
20:35:19.828 [JavaFX Application Thread] DEBUG PrimaryStageWindow   - Push state: SelectScene
20:35:19.828 [JavaFX Application Thread] DEBUG Input                - Clearing active input actions
20:35:19.832 [JavaFX Application Thread] DEBUG GameApplicationServi - Removing overlay from MenuScene and adding to SelectScene
20:35:19.832 [JavaFX Application Thread] DEBUG PrimaryStageWindow   - MenuScene -> SelectScene
20:35:20.704 [JavaFX Application Thread] DEBUG PrimaryStageWindow   - Pop state: SelectScene
20:35:20.704 [JavaFX Application Thread] DEBUG Input                - Clearing active input actions
20:35:20.705 [JavaFX Application Thread] DEBUG GameApplicationServi - Removing overlay from SelectScene and adding to MenuScene
20:35:20.706 [JavaFX Application Thread] DEBUG PrimaryStageWindow   - MenuScene <- SelectScene
20:35:20.706 [JavaFX Application Thread] DEBUG GameApplicationServi - Starting new game
20:35:20.706 [JavaFX Application Thread] DEBUG PrimaryStageWindow   - Pop state: MenuScene
20:35:20.706 [JavaFX Application Thread] DEBUG Input                - Clearing active input actions
20:35:20.706 [JavaFX Application Thread] DEBUG GameApplicationServi - Removing overlay from MenuScene and adding to FXGLMainMenuDummyScene
20:35:20.707 [JavaFX Application Thread] DEBUG PrimaryStageWindow   - FXGLMainMenuDummyScene <- MenuScene
20:35:20.707 [JavaFX Application Thread] DEBUG Input                - Clearing active input actions
20:35:20.716 [JavaFX Application Thread] DEBUG GameApplicationServi - Removing overlay from FXGLMainMenuDummyScene and adding to FXGLLoadingScene
20:35:20.716 [JavaFX Application Thread] DEBUG PrimaryStageWindow   - FXGLMainMenuDummyScene -> FXGLLoadingScene
20:35:20.716 [JavaFX Application Thread] DEBUG GameApplicationServi - Clearing previous game
20:35:20.717 [JavaFX Application Thread] DEBUG GameScene            - Clearing game scene
20:35:20.717 [JavaFX Application Thread] DEBUG GameWorld            - Clearing game world
20:35:20.717 [JavaFX Application Thread] DEBUG PhysicsWorld         - Clearing physics world
20:35:20.722 [FXGL Background Thread 2 ] DEBUG FXGLApplication      - Initializing game
20:35:20.765 [FXGL Background Thread 2 ] WARN  TMXLevelLoader       - TiledMap generated from 1.12.2. Supported version: 1.9.0. Some features may not be parsed fully.
20:35:20.782 [FXGL Background Thread 2 ] DEBUG TMXLevelLoader       - Parsed TiledMap: file:/D:/gamemake/fighter67/target/classes/assets/levels/map1.tmx
20:35:20.784 [FXGL Background Thread 2 ] DEBUG TMXLevelLoader       - Creating tile layer entities
20:35:20.786 [FXGL Background Thread 2 ] DEBUG TilesetLoader        - Loading view for layer Tile Layer 1
20:35:20.789 [FXGL Background Thread 2 ] DEBUG TilesetLoader        - Created buffer with size 1920.0x1088.0
20:35:20.808 [FXGL Background Thread 2 ] DEBUG TMXLevelLoader       - Creating object layer entities
20:35:20.845 [FXGL Background Thread 2 ] WARN  TMXLevelLoader       - Parse error
java.lang.IllegalArgumentException: No EntityFactory has a method annotated @Spawns()
	at com.almasb.fxgl.entity@21/com.almasb.fxgl.entity.GameWorld.create(GameWorld.kt:413)
	at com.almasb.fxgl.entity@21/com.almasb.fxgl.entity.level.tiled.TMXLevelLoader.createObjectLayerEntities(TMXLevelLoader.kt:154)
	at com.almasb.fxgl.entity@21/com.almasb.fxgl.entity.level.tiled.TMXLevelLoader.load(TMXLevelLoader.kt:60)
	at com.almasb.fxgl.all@21+dev-SNAPSHOT/com.almasb.fxgl.app.services.FXGLAssetLoaderService.loadLevel(FXGLAssetLoaderService.kt:449)
	at com.nhom67.platformfighter/com.nhom67.platformfighter.map.MapLoader.loadMap(MapLoader.java:12)
	at com.nhom67.platformfighter/com.nhom67.platformfighter.app.FighterApp.initGame(FighterApp.java:62)
	at com.almasb.fxgl.all@21+dev-SNAPSHOT/com.almasb.fxgl.app.FXGLApplication$InitAppTask.initGame(FXGLApplication.kt:339)
	at com.almasb.fxgl.all@21+dev-SNAPSHOT/com.almasb.fxgl.app.FXGLApplication$InitAppTask.call(FXGLApplication.kt:319)
	at com.almasb.fxgl.all@21+dev-SNAPSHOT/com.almasb.fxgl.app.FXGLApplication$InitAppTask.call(FXGLApplication.kt:311)
	at javafx.graphics@21.0.2/javafx.concurrent.Task$TaskCallable.call(Task.java:1399)
	at java.base/java.util.concurrent.FutureTask.run(FutureTask.java:330)
	at java.base/java.util.concurrent.Executors$RunnableAdapter.call(Executors.java:545)
	at java.base/java.util.concurrent.FutureTask.run(FutureTask.java:330)
	at java.base/java.util.concurrent.ThreadPoolExecutor.runWorker(ThreadPoolExecutor.java:1090)
	at java.base/java.util.concurrent.ThreadPoolExecutor$Worker.run(ThreadPoolExecutor.java:614)
	at java.base/java.lang.Thread.run(Thread.java:1516)

20:35:20.853 [JavaFX Application Thread] DEBUG LoopRunner           - Stopping loop
20:35:20.854 [JavaFX Application Thread] FATAL FXGLApplication      - Uncaught Exception:
java.lang.RuntimeException: Initialization failed
	at com.almasb.fxgl.all@21+dev-SNAPSHOT/com.almasb.fxgl.app.FXGLApplication$InitAppTask.failed(FXGLApplication.kt:343)
	at javafx.graphics@21.0.2/javafx.concurrent.Task.setState(Task.java:710)
	at javafx.graphics@21.0.2/javafx.concurrent.Task$TaskCallable.lambda$call$2(Task.java:1429)
	at javafx.graphics@21.0.2/com.sun.javafx.application.PlatformImpl.lambda$runLater$10(PlatformImpl.java:456)
	at java.base/java.security.AccessController.doPrivileged(AccessController.java:138)
	at javafx.graphics@21.0.2/com.sun.javafx.application.PlatformImpl.lambda$runLater$11(PlatformImpl.java:455)
	at javafx.graphics@21.0.2/com.sun.glass.ui.InvokeLaterDispatcher$Future.run(InvokeLaterDispatcher.java:95)
	at javafx.graphics@21.0.2/com.sun.glass.ui.win.WinApplication._runLoop(Native Method)
	at javafx.graphics@21.0.2/com.sun.glass.ui.win.WinApplication.lambda$runLoop$3(WinApplication.java:185)
	at java.base/java.lang.Thread.run(Thread.java:1516)
Caused by: com.almasb.fxgl.entity.level.LevelLoadingException: No EntityFactory has a method annotated @Spawns()
	at com.almasb.fxgl.entity@21/com.almasb.fxgl.entity.level.tiled.TMXLevelLoader.load(TMXLevelLoader.kt:77)
	at com.almasb.fxgl.all@21+dev-SNAPSHOT/com.almasb.fxgl.app.services.FXGLAssetLoaderService.loadLevel(FXGLAssetLoaderService.kt:449)
	at com.nhom67.platformfighter/com.nhom67.platformfighter.map.MapLoader.loadMap(MapLoader.java:12)
	at com.nhom67.platformfighter/com.nhom67.platformfighter.app.FighterApp.initGame(FighterApp.java:62)
	at com.almasb.fxgl.all@21+dev-SNAPSHOT/com.almasb.fxgl.app.FXGLApplication$InitAppTask.initGame(FXGLApplication.kt:339)
	at com.almasb.fxgl.all@21+dev-SNAPSHOT/com.almasb.fxgl.app.FXGLApplication$InitAppTask.call(FXGLApplication.kt:319)
	at com.almasb.fxgl.all@21+dev-SNAPSHOT/com.almasb.fxgl.app.FXGLApplication$InitAppTask.call(FXGLApplication.kt:311)
	at javafx.graphics@21.0.2/javafx.concurrent.Task$TaskCallable.call(Task.java:1399)
	at java.base/java.util.concurrent.FutureTask.run(FutureTask.java:330)
	at java.base/java.util.concurrent.Executors$RunnableAdapter.call(Executors.java:545)
	at java.base/java.util.concurrent.FutureTask.run(FutureTask.java:330)
	at java.base/java.util.concurrent.ThreadPoolExecutor.runWorker(ThreadPoolExecutor.java:1090)
	at java.base/java.util.concurrent.ThreadPoolExecutor$Worker.run(ThreadPoolExecutor.java:614)
	... 1 more
Caused by: java.lang.IllegalArgumentException: No EntityFactory has a method annotated @Spawns()
	at com.almasb.fxgl.entity@21/com.almasb.fxgl.entity.GameWorld.create(GameWorld.kt:413)
	at com.almasb.fxgl.entity@21/com.almasb.fxgl.entity.level.tiled.TMXLevelLoader.createObjectLayerEntities(TMXLevelLoader.kt:154)
	at com.almasb.fxgl.entity@21/com.almasb.fxgl.entity.level.tiled.TMXLevelLoader.load(TMXLevelLoader.kt:60)
	... 13 more

20:35:20.855 [JavaFX Application Thread] FATAL FXGLApplication      - Application will now exit
20:35:20.881 [JavaFX Application Thread] DEBUG PrimaryStageWindow   - Push state: ErrorSubScene
20:35:20.881 [JavaFX Application Thread] DEBUG Input                - Clearing active input actions
20:35:20.884 [JavaFX Application Thread] DEBUG GameApplicationServi - Removing overlay from FXGLLoadingScene and adding to ErrorSubScene
20:35:20.885 [JavaFX Application Thread] DEBUG PrimaryStageWindow   - FXGLLoadingScene -> ErrorSubScene
20:35:21.631 [FXGL Background Thread 3 ] DEBUG Engine               - Logging environment variables
20:35:21.632 [FXGL Background Thread 3 ] DEBUG Engine               - achievements: []
20:35:21.632 [FXGL Background Thread 3 ] DEBUG Engine               - actualHeight: 1031.0
20:35:21.632 [FXGL Background Thread 3 ] DEBUG Engine               - actualHeightProperty: ReadOnlyDoubleProperty [value: 1031.0]
20:35:21.632 [FXGL Background Thread 3 ] DEBUG Engine               - actualWidth: 1809.0
20:35:21.632 [FXGL Background Thread 3 ] DEBUG Engine               - actualWidthProperty: ReadOnlyDoubleProperty [value: 1809.0]
20:35:21.632 [FXGL Background Thread 3 ] DEBUG Engine               - appIcon: fxgl_icon.png
20:35:21.632 [FXGL Background Thread 3 ] DEBUG Engine               - applicationMode: DEVELOPER
20:35:21.632 [FXGL Background Thread 3 ] DEBUG Engine               - cSSList: [fxgl_dark.css]
20:35:21.632 [FXGL Background Thread 3 ] DEBUG Engine               - collisionDetectionStrategy: BRUTE_FORCE
20:35:21.632 [FXGL Background Thread 3 ] DEBUG Engine               - configClass: Optional.empty
20:35:21.632 [FXGL Background Thread 3 ] DEBUG Engine               - credits: []
20:35:21.633 [FXGL Background Thread 3 ] DEBUG Engine               - defaultCursor: CursorInfo(imageName=fxgl_default_cursor.png, hotspotX=7.0, hotspotY=6.0)
20:35:21.633 [FXGL Background Thread 3 ] DEBUG Engine               - devBBoxColorProperty: ObjectProperty [value: 0xff0000ff]
20:35:21.633 [FXGL Background Thread 3 ] DEBUG Engine               - devEnableDebugCameraProperty: BooleanProperty [value: false]
20:35:21.634 [FXGL Background Thread 3 ] DEBUG Engine               - devSensorColorProperty: ObjectProperty [value: 0xffff00ff]
20:35:21.634 [FXGL Background Thread 3 ] DEBUG Engine               - devShowBBoxProperty: BooleanProperty [value: false]
20:35:21.634 [FXGL Background Thread 3 ] DEBUG Engine               - devShowPositionProperty: BooleanProperty [value: false]
20:35:21.634 [FXGL Background Thread 3 ] DEBUG Engine               - enabledMenuItems: []
20:35:21.634 [FXGL Background Thread 3 ] DEBUG Engine               - engineServices: [class com.almasb.fxgl.app.services.FXGLAssetLoaderService, class com.almasb.fxgl.app.FXGLApplication$GameApplicationService, class com.almasb.fxgl.app.services.FXGLDialogService, class com.almasb.fxgl.app.services.IOTaskExecutorService, class com.almasb.fxgl.io.FileSystemService, class com.almasb.fxgl.localization.LocalizationService, class com.almasb.fxgl.app.services.SystemBundleService, class com.almasb.fxgl.profile.SaveLoadService, class com.almasb.fxgl.ui.FXGLUIFactoryServiceProvider, class com.almasb.fxgl.ui.FXGLDialogFactoryServiceProvider, class com.almasb.fxgl.audio.AudioPlayer, class com.almasb.fxgl.notification.impl.NotificationServiceProvider, class com.almasb.fxgl.achievement.AchievementService, class com.almasb.fxgl.cutscene.CutsceneService, class com.almasb.fxgl.minigames.MiniGameService, class com.almasb.fxgl.net.NetService, class com.almasb.fxgl.app.services.UpdaterService, class com.almasb.fxgl.dev.DevService]
20:35:21.634 [FXGL Background Thread 3 ] DEBUG Engine               - fontGame: Abel-Regular.ttf
20:35:21.634 [FXGL Background Thread 3 ] DEBUG Engine               - fontMono: TerminalLandMono-Regular.otf
20:35:21.634 [FXGL Background Thread 3 ] DEBUG Engine               - fontSizeScaleUI: 1.0
20:35:21.634 [FXGL Background Thread 3 ] DEBUG Engine               - fontText: Courier-Prime.ttf
20:35:21.634 [FXGL Background Thread 3 ] DEBUG Engine               - fontUI: VarelaRound-Regular.ttf
20:35:21.634 [FXGL Background Thread 3 ] DEBUG Engine               - fullScreen: BooleanProperty [value: false]
20:35:21.634 [FXGL Background Thread 3 ] DEBUG Engine               - gameDifficulty: MEDIUM
20:35:21.634 [FXGL Background Thread 3 ] DEBUG Engine               - gameDifficultyProperty: ObjectProperty [value: MEDIUM]
20:35:21.634 [FXGL Background Thread 3 ] DEBUG Engine               - globalMusicVolume: 0.5
20:35:21.634 [FXGL Background Thread 3 ] DEBUG Engine               - globalMusicVolumeProperty: DoubleProperty [value: 0.5]
20:35:21.634 [FXGL Background Thread 3 ] DEBUG Engine               - globalSoundVolume: 0.5
20:35:21.634 [FXGL Background Thread 3 ] DEBUG Engine               - globalSoundVolumeProperty: DoubleProperty [value: 0.5]
20:35:21.634 [FXGL Background Thread 3 ] DEBUG Engine               - height: 1080
20:35:21.634 [FXGL Background Thread 3 ] DEBUG Engine               - is3D: false
20:35:21.634 [FXGL Background Thread 3 ] DEBUG Engine               - isAndroid: false
20:35:21.634 [FXGL Background Thread 3 ] DEBUG Engine               - isBrowser: false
20:35:21.634 [FXGL Background Thread 3 ] DEBUG Engine               - isClickFeedbackEnabled: false
20:35:21.634 [FXGL Background Thread 3 ] DEBUG Engine               - isCloseConfirmation: false
20:35:21.634 [FXGL Background Thread 3 ] DEBUG Engine               - isDesktop: true
20:35:21.634 [FXGL Background Thread 3 ] DEBUG Engine               - isDeveloperMenuEnabled: false
20:35:21.634 [FXGL Background Thread 3 ] DEBUG Engine               - isEmbedded: false
20:35:21.634 [FXGL Background Thread 3 ] DEBUG Engine               - isEntityPreloadEnabled: true
20:35:21.634 [FXGL Background Thread 3 ] DEBUG Engine               - isExperimentalTiledLargeMap: false
20:35:21.634 [FXGL Background Thread 3 ] DEBUG Engine               - isFileSystemWriteAllowed: true
20:35:21.635 [FXGL Background Thread 3 ] DEBUG Engine               - isFullScreenAllowed: false
20:35:21.635 [FXGL Background Thread 3 ] DEBUG Engine               - isFullScreenFromStart: false
20:35:21.635 [FXGL Background Thread 3 ] DEBUG Engine               - isGameMenuEnabled: true
20:35:21.635 [FXGL Background Thread 3 ] DEBUG Engine               - isIOS: false
20:35:21.635 [FXGL Background Thread 3 ] DEBUG Engine               - isIntroEnabled: false
20:35:21.635 [FXGL Background Thread 3 ] DEBUG Engine               - isLinux: false
20:35:21.635 [FXGL Background Thread 3 ] DEBUG Engine               - isMac: false
20:35:21.635 [FXGL Background Thread 3 ] DEBUG Engine               - isMainMenuEnabled: true
20:35:21.635 [FXGL Background Thread 3 ] DEBUG Engine               - isManualResizeEnabled: false
20:35:21.635 [FXGL Background Thread 3 ] DEBUG Engine               - isMobile: false
20:35:21.635 [FXGL Background Thread 3 ] DEBUG Engine               - isNative: false
20:35:21.635 [FXGL Background Thread 3 ] DEBUG Engine               - isPauseMusicWhenMinimized: true
20:35:21.635 [FXGL Background Thread 3 ] DEBUG Engine               - isPreserveResizeRatio: false
20:35:21.635 [FXGL Background Thread 3 ] DEBUG Engine               - isProfilingEnabled: false
20:35:21.635 [FXGL Background Thread 3 ] DEBUG Engine               - isScaleAffectedOnResize: true
20:35:21.635 [FXGL Background Thread 3 ] DEBUG Engine               - isSingleStep: false
20:35:21.635 [FXGL Background Thread 3 ] DEBUG Engine               - isUserProfileEnabled: false
20:35:21.635 [FXGL Background Thread 3 ] DEBUG Engine               - isWindows: true
20:35:21.635 [FXGL Background Thread 3 ] DEBUG Engine               - language: ObjectProperty [value: ENGLISH]
20:35:21.635 [FXGL Background Thread 3 ] DEBUG Engine               - menuKey: ESCAPE
20:35:21.635 [FXGL Background Thread 3 ] DEBUG Engine               - mouseSensitivity: 0.2
20:35:21.635 [FXGL Background Thread 3 ] DEBUG Engine               - notificationViewClass: class com.almasb.fxgl.notification.view.XboxNotificationView
20:35:21.635 [FXGL Background Thread 3 ] DEBUG Engine               - pixelsPerMeter: 50.0
20:35:21.635 [FXGL Background Thread 3 ] DEBUG Engine               - platform: WINDOWS
20:35:21.635 [FXGL Background Thread 3 ] DEBUG Engine               - prefHeightProperty: ReadOnlyDoubleProperty [value: 1080.0]
20:35:21.635 [FXGL Background Thread 3 ] DEBUG Engine               - prefWidthProperty: ReadOnlyDoubleProperty [value: 1920.0]
20:35:21.635 [FXGL Background Thread 3 ] DEBUG Engine               - profileDir: profiles/
20:35:21.635 [FXGL Background Thread 3 ] DEBUG Engine               - profileName: StringProperty [value: DEFAULT]
20:35:21.635 [FXGL Background Thread 3 ] DEBUG Engine               - randomSeed: -1
20:35:21.636 [FXGL Background Thread 3 ] DEBUG Engine               - runtimeInfo: RuntimeInfo(platform=WINDOWS, version=21+dev-SNAPSHOT, build=31.01.2024 13.44)
20:35:21.636 [FXGL Background Thread 3 ] DEBUG Engine               - saveFileExt: sav
20:35:21.636 [FXGL Background Thread 3 ] DEBUG Engine               - scaledHeightProp$fxgl: DoubleProperty [bound, value: 1031.0]
20:35:21.636 [FXGL Background Thread 3 ] DEBUG Engine               - scaledWidthProp$fxgl: DoubleProperty [bound, value: 1809.0]
20:35:21.637 [FXGL Background Thread 3 ] DEBUG Engine               - sceneFactory: com.nhom67.platformfighter.app.AppSceneFactory@d6a114e
20:35:21.637 [FXGL Background Thread 3 ] DEBUG Engine               - secondsIn24h: 60
20:35:21.637 [FXGL Background Thread 3 ] DEBUG Engine               - soundMenuBack: menu/back.wav
20:35:21.637 [FXGL Background Thread 3 ] DEBUG Engine               - soundMenuPress: menu/press.wav
20:35:21.637 [FXGL Background Thread 3 ] DEBUG Engine               - soundMenuSelect: menu/select.wav
20:35:21.637 [FXGL Background Thread 3 ] DEBUG Engine               - soundNotification: core/notification.wav
20:35:21.637 [FXGL Background Thread 3 ] DEBUG Engine               - stageStyle: DECORATED
20:35:21.637 [FXGL Background Thread 3 ] DEBUG Engine               - supportedLanguages: [ENGLISH, FRENCH, GERMAN, HUNGARIAN, RUSSIAN]
20:35:21.637 [FXGL Background Thread 3 ] DEBUG Engine               - ticksPerSecond: -1
20:35:21.637 [FXGL Background Thread 3 ] DEBUG Engine               - title: 67-Fighter
20:35:21.637 [FXGL Background Thread 3 ] DEBUG Engine               - urlGithub: https://github.com/AlmasB/FXGL
20:35:21.637 [FXGL Background Thread 3 ] DEBUG Engine               - urlLeaderboard: http://fxgl-top.herokuapp.com/
20:35:21.637 [FXGL Background Thread 3 ] DEBUG Engine               - urlPOM: https://raw.githubusercontent.com/AlmasB/FXGL/release/README.md
20:35:21.637 [FXGL Background Thread 3 ] DEBUG Engine               - userAppClass: class com.nhom67.platformfighter.app.FighterApp
20:35:21.637 [FXGL Background Thread 3 ] DEBUG Engine               - version: 1.0
20:35:21.637 [FXGL Background Thread 3 ] DEBUG Engine               - versionCheckDays: 7
20:35:21.637 [FXGL Background Thread 3 ] DEBUG Engine               - width: 1920
20:35:21.637 [FXGL Background Thread 3 ] DEBUG Engine               - Logging services
20:35:21.637 [FXGL Background Thread 3 ] DEBUG Engine               - class com.almasb.fxgl.app.services.FXGLAssetLoaderService
20:35:21.637 [FXGL Background Thread 3 ] DEBUG Engine               - class com.almasb.fxgl.app.FXGLApplication$GameApplicationService
20:35:21.637 [FXGL Background Thread 3 ] DEBUG Engine               - class com.almasb.fxgl.app.services.FXGLDialogService
20:35:21.637 [FXGL Background Thread 3 ] DEBUG Engine               - class com.almasb.fxgl.app.services.IOTaskExecutorService
20:35:21.637 [FXGL Background Thread 3 ] DEBUG Engine               - class com.almasb.fxgl.io.FileSystemService
20:35:21.637 [FXGL Background Thread 3 ] DEBUG Engine               - class com.almasb.fxgl.localization.LocalizationService
20:35:21.637 [FXGL Background Thread 3 ] DEBUG Engine               - class com.almasb.fxgl.app.services.SystemBundleService
20:35:21.637 [FXGL Background Thread 3 ] DEBUG Engine               - class com.almasb.fxgl.profile.SaveLoadService
20:35:21.637 [FXGL Background Thread 3 ] DEBUG Engine               - class com.almasb.fxgl.ui.FXGLUIFactoryServiceProvider
20:35:21.637 [FXGL Background Thread 3 ] DEBUG Engine               - class com.almasb.fxgl.ui.FXGLDialogFactoryServiceProvider
20:35:21.637 [FXGL Background Thread 3 ] DEBUG Engine               - class com.almasb.fxgl.audio.AudioPlayer
20:35:21.638 [FXGL Background Thread 3 ] DEBUG Engine               - class com.almasb.fxgl.notification.impl.NotificationServiceProvider
20:35:21.638 [FXGL Background Thread 3 ] DEBUG Engine               - class com.almasb.fxgl.achievement.AchievementService
20:35:21.638 [FXGL Background Thread 3 ] DEBUG Engine               - class com.almasb.fxgl.cutscene.CutsceneService
20:35:21.638 [FXGL Background Thread 3 ] DEBUG Engine               - class com.almasb.fxgl.minigames.MiniGameService
20:35:21.638 [FXGL Background Thread 3 ] DEBUG Engine               - class com.almasb.fxgl.net.NetService
20:35:21.638 [FXGL Background Thread 3 ] DEBUG Engine               - class com.almasb.fxgl.app.services.UpdaterService
20:35:21.638 [FXGL Background Thread 3 ] DEBUG Engine               - class com.almasb.fxgl.dev.DevService
20:36:04.704 [JavaFX Application Thread] DEBUG FXGLApplication      - Exiting FXGL
20:36:04.704 [JavaFX Application Thread] DEBUG Async                - Shutting down background threads
20:36:04.704 [JavaFX Application Thread] DEBUG PrimaryStageWindow   - Closing main window
20:36:04.740 [JavaFX Application Thread] DEBUG Logger               - Closing Logger
