20:36:14.609 [main                     ] DEBUG Logger               - Configured Logger
20:36:14.623 [main                     ] DEBUG GameApplication      - Logging settings
Title: 67-Fighter
Version: 1.0
Width: 1920
Height: 1080
Fullscreen: false
Intro: false
Profiling: false
Single step:false
App Mode: DEVELOPER
Menu Key: ESCAPE
Stage Style: DECORATED
Scene Factory: class com.nhom67.platformfighter.app.AppSceneFactory

20:36:15.256 [JavaFX Application Thread] DEBUG FXGLApplication      - Initializing FXGL
20:36:15.261 [JavaFX Application Thread] INFO  Engine               - FXGL-21+dev-SNAPSHOT (31.01.2024 13.44) on WINDOWS (J:26.0.1 FX:21.0.2)
20:36:15.261 [JavaFX Application Thread] DEBUG Engine               - JRE Vendor Name: Oracle Corporation
20:36:15.261 [JavaFX Application Thread] DEBUG Engine               - Running on OS: Windows 11 version 10.0
20:36:15.262 [JavaFX Application Thread] DEBUG Engine               - Architecture: amd64
20:36:15.262 [JavaFX Application Thread] INFO  Engine               - Source code and latest versions at: https://github.com/AlmasB/FXGL
20:36:15.262 [JavaFX Application Thread] INFO  Engine               -       Ask questions and discuss at: https://github.com/AlmasB/FXGL/discussions
20:36:15.262 [JavaFX Application Thread] INFO  Engine               -              Join the FXGL chat at: https://gitter.im/AlmasB/FXGL
20:36:15.381 [JavaFX Application Thread] DEBUG PrimaryStageWindow   - Creating a JavaFX scene
20:36:15.381 [JavaFX Application Thread] DEBUG PrimaryStageWindow   - Target size > screen size
20:36:15.467 [JavaFX Application Thread] DEBUG PrimaryStageWindow   - Target settings size: 1920.0 x 1080.0
20:36:15.468 [JavaFX Application Thread] DEBUG PrimaryStageWindow   - Scaled scene size:    1809.0 x 1031.0
20:36:15.468 [JavaFX Application Thread] DEBUG PrimaryStageWindow   - Scaled ratio: (0.9421875, 0.9546296296296296)
20:36:15.470 [JavaFX Application Thread] DEBUG PrimaryStageWindow   - Set initial scene to FXGLStartupScene
20:36:15.476 [JavaFX Application Thread] DEBUG PrimaryStageWindow   - Opening main window
20:36:15.646 [JavaFX Application Thread] DEBUG PrimaryStageWindow   - Window border size: (16.0, 39.0)
20:36:15.647 [JavaFX Application Thread] DEBUG PrimaryStageWindow   - Scaled size: 1809.0 x 1031.0
20:36:15.647 [JavaFX Application Thread] DEBUG PrimaryStageWindow   - Scaled ratio: (0.9421875, 0.9546296296296296)
20:36:15.647 [JavaFX Application Thread] DEBUG PrimaryStageWindow   - Scene size: 1809.0 x 1031.0
20:36:15.647 [JavaFX Application Thread] DEBUG PrimaryStageWindow   - Stage size: 1825.0 x 1070.0
20:36:15.665 [FXGL Background Thread 1 ] DEBUG Engine               - Initializing environment variables
20:36:15.769 [FXGL Background Thread 1 ] DEBUG FXGLAssetLoaderServi - User app class for loading assets: class com.nhom67.platformfighter.app.FighterApp
20:36:15.769 [FXGL Background Thread 1 ] DEBUG GameApplicationServi - Applying CSS: fxgl_dark.css
20:36:15.771 [FXGL Background Thread 1 ] DEBUG FXGLAssetLoaderServi - Loading from file system: jar:file:///C:/Users/long1/.m2/repository/com/github/AlmasB/FXGL/fxgl/21/fxgl-21.jar!/fxglassets/ui/css/fxgl_dark.css
20:36:15.846 [FXGL Background Thread 1 ] DEBUG GameApplicationServi - Initializing application scenes
20:36:15.901 [FXGL Background Thread 1 ] DEBUG GameWorld            - Game world initialized
20:36:15.942 [FXGL Background Thread 1 ] DEBUG PhysicsWorld         - Physics world initialized: appHeight=1080, physics.ppm=50.0
20:36:15.943 [FXGL Background Thread 1 ] DEBUG PhysicsWorld         - Using strategy: BRUTE_FORCE
20:36:15.951 [FXGL Background Thread 1 ] DEBUG GameScene            - Game scene initialized: 1920x1080
20:36:15.989 [FXGL Background Thread 1 ] DEBUG FXGL.DefaultMenu     - createMenuBodyGameMenu()
20:36:16.006 [FXGL Background Thread 1 ] DEBUG FXGL.DefaultMenu     - createOptionsMenu()
20:36:16.022 [FXGL Background Thread 1 ] DEBUG FXGLAssetLoaderServi - Loading from file system: jar:file:///C:/Users/long1/.m2/repository/com/github/AlmasB/FXGL/fxgl/21/fxgl-21.jar!/fxglassets/textures/particles/smoke.png
20:36:16.125 [FXGL Background Thread 1 ] DEBUG FXGLAssetLoaderServi - Loading from file system: jar:file:///C:/Users/long1/.m2/repository/com/github/AlmasB/FXGL/fxgl/21/fxgl-21.jar!/fxglassets/textures/particles/trace_horizontal.png
20:36:16.163 [FXGL Background Thread 1 ] DEBUG GameApplicationServi - Application scenes initialized
20:36:16.186 [FXGL Background Thread 1 ] DEBUG SystemBundleService  - Loading FXGL system data
20:36:16.195 [FXGL Background Thread 1 ] DEBUG FileSystemAccess     - Reading from: D:\gamemake\fighter67\system\fxgl.bundle
20:36:16.213 [FXGL Background Thread 1 ] DEBUG SystemBundleService  - Bundle FXGL: {}
20:36:16.213 [FXGL Background Thread 1 ] DEBUG UpdaterService       - Checking for updates
20:36:16.224 [FXGL Background Thread 4 ] DEBUG FXGLApplication      - Loading fonts
20:36:16.224 [FXGL Background Thread 1 ] DEBUG FXGLApplication      - Loading default localization
20:36:16.225 [FXGL Background Thread 4 ] DEBUG FXGLAssetLoaderServi - Loading from file system: jar:file:///C:/Users/long1/.m2/repository/com/github/AlmasB/FXGL/fxgl/21/fxgl-21.jar!/fxglassets/ui/fonts/VarelaRound-Regular.ttf
20:36:16.225 [FXGL Background Thread 1 ] DEBUG FXGLAssetLoaderServi - Loading from file system: jar:file:///C:/Users/long1/.m2/repository/com/github/AlmasB/FXGL/fxgl/21/fxgl-21.jar!/fxglassets/languages/english.lang
20:36:16.247 [FXGL Background Thread 1 ] INFO  FXGLApplication      - FXGL initialization took: 0.581 sec
20:36:16.263 [JavaFX Application Thread] DEBUG Input                - Registered new binding: Move Left - A
20:36:16.263 [JavaFX Application Thread] DEBUG Input                - Registered new binding: Move Right - D
20:36:16.263 [JavaFX Application Thread] DEBUG Input                - Registered new binding: Jump - W
20:36:16.263 [JavaFX Application Thread] DEBUG Input                - Registered new binding: Drop Down - S
20:36:16.264 [JavaFX Application Thread] DEBUG Input                - Registered new binding: Move Left 2 - Left
20:36:16.264 [JavaFX Application Thread] DEBUG Input                - Registered new binding: Move Right 2 - Right
20:36:16.264 [JavaFX Application Thread] DEBUG Input                - Registered new binding: Jump 2 - Up
20:36:16.265 [JavaFX Application Thread] DEBUG Input                - Registered new binding: Drop Down 2 - Down
20:36:16.266 [JavaFX Application Thread] DEBUG FXGLAssetLoaderServi - Loading from file system: jar:file:///C:/Users/long1/.m2/repository/com/github/AlmasB/FXGL/fxgl/21/fxgl-21.jar!/fxglassets/textures/fxgl_icon.png
20:36:16.290 [JavaFX Application Thread] DEBUG FXGLAssetLoaderServi - Loading from file system: jar:file:///C:/Users/long1/.m2/repository/com/github/AlmasB/FXGL/fxgl/21/fxgl-21.jar!/fxglassets/textures/fxgl_default_cursor.png
20:36:16.296 [JavaFX Application Thread] DEBUG Input                - Registered new binding: Screenshot - CTRL+8
20:36:16.297 [JavaFX Application Thread] DEBUG Input                - Registered new binding: System info dump - CTRL+9
20:36:16.298 [JavaFX Application Thread] DEBUG Input                - Registered new binding: Restart - CTRL+R
20:36:16.298 [JavaFX Application Thread] DEBUG Input                - Registered new binding: Toggle Debug Camera - CTRL+7
20:36:16.303 [JavaFX Application Thread] DEBUG LoopRunner           - Starting loop
20:36:16.303 [JavaFX Application Thread] DEBUG LoopRunner           - Initializing JavaFX AnimationTimerLoop
20:36:16.305 [FXGL Background Thread 4 ] DEBUG FXGLAssetLoaderServi - Loading from file system: jar:file:///C:/Users/long1/.m2/repository/com/github/AlmasB/FXGL/fxgl/21/fxgl-21.jar!/fxglassets/ui/fonts/Abel-Regular.ttf
20:36:16.308 [JavaFX Application Thread] DEBUG Input                - Clearing active input actions
20:36:16.323 [JavaFX Application Thread] DEBUG GameApplicationServi - Removing overlay from FXGLStartupScene and adding to FXGLMainMenuDummyScene
20:36:16.325 [JavaFX Application Thread] DEBUG PrimaryStageWindow   - FXGLStartupScene -> FXGLMainMenuDummyScene
20:36:16.325 [JavaFX Application Thread] DEBUG PrimaryStageWindow   - Push state: MenuScene
20:36:16.326 [JavaFX Application Thread] DEBUG Input                - Clearing active input actions
20:36:16.331 [FXGL Background Thread 4 ] DEBUG FXGLAssetLoaderServi - Loading from file system: jar:file:///C:/Users/long1/.m2/repository/com/github/AlmasB/FXGL/fxgl/21/fxgl-21.jar!/fxglassets/ui/fonts/TerminalLandMono-Regular.otf
20:36:16.333 [JavaFX Application Thread] DEBUG PrimaryStageWindow   - FXGLMainMenuDummyScene -> MenuScene
20:36:16.349 [FXGL Background Thread 4 ] DEBUG FXGLAssetLoaderServi - Loading from file system: jar:file:///C:/Users/long1/.m2/repository/com/github/AlmasB/FXGL/fxgl/21/fxgl-21.jar!/fxglassets/ui/fonts/Courier-Prime.ttf
20:36:16.422 [JavaFX Application Thread] DEBUG FXGLApplication      - Registering font factories with UI factory
20:36:16.909 [FXGL Background Thread 2 ] INFO  UpdaterService       - Your current version:  21+dev-SNAPSHOT
20:36:16.909 [FXGL Background Thread 2 ] INFO  UpdaterService       - Latest stable version: 25
20:36:17.178 [JavaFX Application Thread] DEBUG FXGLAssetLoaderServi - Loading from file system: file:/D:/gamemake/fighter67/target/classes/assets/textures/maps/map1background.png
20:36:17.223 [JavaFX Application Thread] DEBUG Input                - Registered new binding: Back - Esc
20:36:17.225 [JavaFX Application Thread] DEBUG PrimaryStageWindow   - Push state: SelectScene
20:36:17.225 [JavaFX Application Thread] DEBUG Input                - Clearing active input actions
20:36:17.228 [JavaFX Application Thread] DEBUG GameApplicationServi - Removing overlay from MenuScene and adding to SelectScene
20:36:17.229 [JavaFX Application Thread] DEBUG PrimaryStageWindow   - MenuScene -> SelectScene
20:36:18.073 [JavaFX Application Thread] DEBUG PrimaryStageWindow   - Pop state: SelectScene
20:36:18.073 [JavaFX Application Thread] DEBUG Input                - Clearing active input actions
20:36:18.074 [JavaFX Application Thread] DEBUG GameApplicationServi - Removing overlay from SelectScene and adding to MenuScene
20:36:18.075 [JavaFX Application Thread] DEBUG PrimaryStageWindow   - MenuScene <- SelectScene
20:36:18.075 [JavaFX Application Thread] DEBUG GameApplicationServi - Starting new game
20:36:18.075 [JavaFX Application Thread] DEBUG PrimaryStageWindow   - Pop state: MenuScene
20:36:18.075 [JavaFX Application Thread] DEBUG Input                - Clearing active input actions
20:36:18.075 [JavaFX Application Thread] DEBUG GameApplicationServi - Removing overlay from MenuScene and adding to FXGLMainMenuDummyScene
20:36:18.076 [JavaFX Application Thread] DEBUG PrimaryStageWindow   - FXGLMainMenuDummyScene <- MenuScene
20:36:18.076 [JavaFX Application Thread] DEBUG Input                - Clearing active input actions
20:36:18.082 [JavaFX Application Thread] DEBUG GameApplicationServi - Removing overlay from FXGLMainMenuDummyScene and adding to FXGLLoadingScene
20:36:18.083 [JavaFX Application Thread] DEBUG PrimaryStageWindow   - FXGLMainMenuDummyScene -> FXGLLoadingScene
20:36:18.083 [JavaFX Application Thread] DEBUG GameApplicationServi - Clearing previous game
20:36:18.083 [JavaFX Application Thread] DEBUG GameScene            - Clearing game scene
20:36:18.083 [JavaFX Application Thread] DEBUG GameWorld            - Clearing game world
20:36:18.083 [JavaFX Application Thread] DEBUG PhysicsWorld         - Clearing physics world
20:36:18.086 [FXGL Background Thread 2 ] DEBUG FXGLApplication      - Initializing game
20:36:18.138 [FXGL Background Thread 2 ] WARN  TMXLevelLoader       - TiledMap generated from 1.12.2. Supported version: 1.9.0. Some features may not be parsed fully.
20:36:18.148 [FXGL Background Thread 2 ] DEBUG TMXLevelLoader       - Parsed TiledMap: file:/D:/gamemake/fighter67/target/classes/assets/levels/map1.tmx
20:36:18.151 [FXGL Background Thread 2 ] DEBUG TMXLevelLoader       - Creating tile layer entities
20:36:18.156 [FXGL Background Thread 2 ] DEBUG TilesetLoader        - Loading view for layer Tile Layer 1
20:36:18.158 [FXGL Background Thread 2 ] DEBUG TilesetLoader        - Created buffer with size 1920.0x1088.0
20:36:18.179 [FXGL Background Thread 2 ] DEBUG TMXLevelLoader       - Creating object layer entities
20:36:18.211 [FXGL Background Thread 2 ] DEBUG GameWorld            - Clearing removable entities
20:36:18.211 [FXGL Background Thread 2 ] DEBUG GameWorld            - Setting level: com.almasb.fxgl.entity.level.Level@7e7e6902
20:36:18.248 [FXGL Background Thread 2 ] INFO  FXGLApplication      - Game initialization took: 0.162 sec
20:36:18.251 [JavaFX Application Thread] DEBUG Input                - Clearing active input actions
20:36:18.258 [JavaFX Application Thread] DEBUG GameApplicationServi - Removing overlay from FXGLLoadingScene and adding to GameScene
20:36:18.258 [JavaFX Application Thread] DEBUG PrimaryStageWindow   - FXGLLoadingScene -> GameScene
20:36:19.219 [FXGL Background Thread 3 ] DEBUG Engine               - Logging environment variables
20:36:19.221 [FXGL Background Thread 3 ] DEBUG Engine               - achievements: []
20:36:19.221 [FXGL Background Thread 3 ] DEBUG Engine               - actualHeight: 1031.0
20:36:19.221 [FXGL Background Thread 3 ] DEBUG Engine               - actualHeightProperty: ReadOnlyDoubleProperty [value: 1031.0]
20:36:19.221 [FXGL Background Thread 3 ] DEBUG Engine               - actualWidth: 1809.0
20:36:19.221 [FXGL Background Thread 3 ] DEBUG Engine               - actualWidthProperty: ReadOnlyDoubleProperty [value: 1809.0]
20:36:19.221 [FXGL Background Thread 3 ] DEBUG Engine               - appIcon: fxgl_icon.png
20:36:19.221 [FXGL Background Thread 3 ] DEBUG Engine               - applicationMode: DEVELOPER
20:36:19.221 [FXGL Background Thread 3 ] DEBUG Engine               - cSSList: [fxgl_dark.css]
20:36:19.221 [FXGL Background Thread 3 ] DEBUG Engine               - collisionDetectionStrategy: BRUTE_FORCE
20:36:19.222 [FXGL Background Thread 3 ] DEBUG Engine               - configClass: Optional.empty
20:36:19.222 [FXGL Background Thread 3 ] DEBUG Engine               - credits: []
20:36:19.222 [FXGL Background Thread 3 ] DEBUG Engine               - defaultCursor: CursorInfo(imageName=fxgl_default_cursor.png, hotspotX=7.0, hotspotY=6.0)
20:36:19.223 [FXGL Background Thread 3 ] DEBUG Engine               - devBBoxColorProperty: ObjectProperty [value: 0xff0000ff]
20:36:19.223 [FXGL Background Thread 3 ] DEBUG Engine               - devEnableDebugCameraProperty: BooleanProperty [value: false]
20:36:19.223 [FXGL Background Thread 3 ] DEBUG Engine               - devSensorColorProperty: ObjectProperty [value: 0xffff00ff]
20:36:19.223 [FXGL Background Thread 3 ] DEBUG Engine               - devShowBBoxProperty: BooleanProperty [value: false]
20:36:19.223 [FXGL Background Thread 3 ] DEBUG Engine               - devShowPositionProperty: BooleanProperty [value: false]
20:36:19.223 [FXGL Background Thread 3 ] DEBUG Engine               - enabledMenuItems: []
20:36:19.223 [FXGL Background Thread 3 ] DEBUG Engine               - engineServices: [class com.almasb.fxgl.app.services.FXGLAssetLoaderService, class com.almasb.fxgl.app.FXGLApplication$GameApplicationService, class com.almasb.fxgl.app.services.FXGLDialogService, class com.almasb.fxgl.app.services.IOTaskExecutorService, class com.almasb.fxgl.io.FileSystemService, class com.almasb.fxgl.localization.LocalizationService, class com.almasb.fxgl.app.services.SystemBundleService, class com.almasb.fxgl.profile.SaveLoadService, class com.almasb.fxgl.ui.FXGLUIFactoryServiceProvider, class com.almasb.fxgl.ui.FXGLDialogFactoryServiceProvider, class com.almasb.fxgl.audio.AudioPlayer, class com.almasb.fxgl.notification.impl.NotificationServiceProvider, class com.almasb.fxgl.achievement.AchievementService, class com.almasb.fxgl.cutscene.CutsceneService, class com.almasb.fxgl.minigames.MiniGameService, class com.almasb.fxgl.net.NetService, class com.almasb.fxgl.app.services.UpdaterService, class com.almasb.fxgl.dev.DevService]
20:36:19.223 [FXGL Background Thread 3 ] DEBUG Engine               - fontGame: Abel-Regular.ttf
20:36:19.224 [FXGL Background Thread 3 ] DEBUG Engine               - fontMono: TerminalLandMono-Regular.otf
20:36:19.224 [FXGL Background Thread 3 ] DEBUG Engine               - fontSizeScaleUI: 1.0
20:36:19.224 [FXGL Background Thread 3 ] DEBUG Engine               - fontText: Courier-Prime.ttf
20:36:19.224 [FXGL Background Thread 3 ] DEBUG Engine               - fontUI: VarelaRound-Regular.ttf
20:36:19.224 [FXGL Background Thread 3 ] DEBUG Engine               - fullScreen: BooleanProperty [value: false]
20:36:19.224 [FXGL Background Thread 3 ] DEBUG Engine               - gameDifficulty: MEDIUM
20:36:19.224 [FXGL Background Thread 3 ] DEBUG Engine               - gameDifficultyProperty: ObjectProperty [value: MEDIUM]
20:36:19.224 [FXGL Background Thread 3 ] DEBUG Engine               - globalMusicVolume: 0.5
20:36:19.224 [FXGL Background Thread 3 ] DEBUG Engine               - globalMusicVolumeProperty: DoubleProperty [value: 0.5]
20:36:19.224 [FXGL Background Thread 3 ] DEBUG Engine               - globalSoundVolume: 0.5
20:36:19.224 [FXGL Background Thread 3 ] DEBUG Engine               - globalSoundVolumeProperty: DoubleProperty [value: 0.5]
20:36:19.224 [FXGL Background Thread 3 ] DEBUG Engine               - height: 1080
20:36:19.224 [FXGL Background Thread 3 ] DEBUG Engine               - is3D: false
20:36:19.224 [FXGL Background Thread 3 ] DEBUG Engine               - isAndroid: false
20:36:19.224 [FXGL Background Thread 3 ] DEBUG Engine               - isBrowser: false
20:36:19.224 [FXGL Background Thread 3 ] DEBUG Engine               - isClickFeedbackEnabled: false
20:36:19.224 [FXGL Background Thread 3 ] DEBUG Engine               - isCloseConfirmation: false
20:36:19.224 [FXGL Background Thread 3 ] DEBUG Engine               - isDesktop: true
20:36:19.224 [FXGL Background Thread 3 ] DEBUG Engine               - isDeveloperMenuEnabled: false
20:36:19.224 [FXGL Background Thread 3 ] DEBUG Engine               - isEmbedded: false
20:36:19.224 [FXGL Background Thread 3 ] DEBUG Engine               - isEntityPreloadEnabled: true
20:36:19.224 [FXGL Background Thread 3 ] DEBUG Engine               - isExperimentalTiledLargeMap: false
20:36:19.224 [FXGL Background Thread 3 ] DEBUG Engine               - isFileSystemWriteAllowed: true
20:36:19.224 [FXGL Background Thread 3 ] DEBUG Engine               - isFullScreenAllowed: false
20:36:19.224 [FXGL Background Thread 3 ] DEBUG Engine               - isFullScreenFromStart: false
20:36:19.224 [FXGL Background Thread 3 ] DEBUG Engine               - isGameMenuEnabled: true
20:36:19.224 [FXGL Background Thread 3 ] DEBUG Engine               - isIOS: false
20:36:19.224 [FXGL Background Thread 3 ] DEBUG Engine               - isIntroEnabled: false
20:36:19.224 [FXGL Background Thread 3 ] DEBUG Engine               - isLinux: false
20:36:19.224 [FXGL Background Thread 3 ] DEBUG Engine               - isMac: false
20:36:19.224 [FXGL Background Thread 3 ] DEBUG Engine               - isMainMenuEnabled: true
20:36:19.224 [FXGL Background Thread 3 ] DEBUG Engine               - isManualResizeEnabled: false
20:36:19.224 [FXGL Background Thread 3 ] DEBUG Engine               - isMobile: false
20:36:19.224 [FXGL Background Thread 3 ] DEBUG Engine               - isNative: false
20:36:19.224 [FXGL Background Thread 3 ] DEBUG Engine               - isPauseMusicWhenMinimized: true
20:36:19.224 [FXGL Background Thread 3 ] DEBUG Engine               - isPreserveResizeRatio: false
20:36:19.224 [FXGL Background Thread 3 ] DEBUG Engine               - isProfilingEnabled: false
20:36:19.224 [FXGL Background Thread 3 ] DEBUG Engine               - isScaleAffectedOnResize: true
20:36:19.224 [FXGL Background Thread 3 ] DEBUG Engine               - isSingleStep: false
20:36:19.224 [FXGL Background Thread 3 ] DEBUG Engine               - isUserProfileEnabled: false
20:36:19.224 [FXGL Background Thread 3 ] DEBUG Engine               - isWindows: true
20:36:19.224 [FXGL Background Thread 3 ] DEBUG Engine               - language: ObjectProperty [value: ENGLISH]
20:36:19.224 [FXGL Background Thread 3 ] DEBUG Engine               - menuKey: ESCAPE
20:36:19.224 [FXGL Background Thread 3 ] DEBUG Engine               - mouseSensitivity: 0.2
20:36:19.224 [FXGL Background Thread 3 ] DEBUG Engine               - notificationViewClass: class com.almasb.fxgl.notification.view.XboxNotificationView
20:36:19.224 [FXGL Background Thread 3 ] DEBUG Engine               - pixelsPerMeter: 50.0
20:36:19.224 [FXGL Background Thread 3 ] DEBUG Engine               - platform: WINDOWS
20:36:19.224 [FXGL Background Thread 3 ] DEBUG Engine               - prefHeightProperty: ReadOnlyDoubleProperty [value: 1080.0]
20:36:19.224 [FXGL Background Thread 3 ] DEBUG Engine               - prefWidthProperty: ReadOnlyDoubleProperty [value: 1920.0]
20:36:19.224 [FXGL Background Thread 3 ] DEBUG Engine               - profileDir: profiles/
20:36:19.225 [FXGL Background Thread 3 ] DEBUG Engine               - profileName: StringProperty [value: DEFAULT]
20:36:19.225 [FXGL Background Thread 3 ] DEBUG Engine               - randomSeed: -1
20:36:19.225 [FXGL Background Thread 3 ] DEBUG Engine               - runtimeInfo: RuntimeInfo(platform=WINDOWS, version=21+dev-SNAPSHOT, build=31.01.2024 13.44)
20:36:19.225 [FXGL Background Thread 3 ] DEBUG Engine               - saveFileExt: sav
20:36:19.225 [FXGL Background Thread 3 ] DEBUG Engine               - scaledHeightProp$fxgl: DoubleProperty [bound, value: 1031.0]
20:36:19.225 [FXGL Background Thread 3 ] DEBUG Engine               - scaledWidthProp$fxgl: DoubleProperty [bound, value: 1809.0]
20:36:19.225 [FXGL Background Thread 3 ] DEBUG Engine               - sceneFactory: com.nhom67.platformfighter.app.AppSceneFactory@19ee31e5
20:36:19.225 [FXGL Background Thread 3 ] DEBUG Engine               - secondsIn24h: 60
20:36:19.226 [FXGL Background Thread 3 ] DEBUG Engine               - soundMenuBack: menu/back.wav
20:36:19.226 [FXGL Background Thread 3 ] DEBUG Engine               - soundMenuPress: menu/press.wav
20:36:19.226 [FXGL Background Thread 3 ] DEBUG Engine               - soundMenuSelect: menu/select.wav
20:36:19.226 [FXGL Background Thread 3 ] DEBUG Engine               - soundNotification: core/notification.wav
20:36:19.226 [FXGL Background Thread 3 ] DEBUG Engine               - stageStyle: DECORATED
20:36:19.226 [FXGL Background Thread 3 ] DEBUG Engine               - supportedLanguages: [ENGLISH, FRENCH, GERMAN, HUNGARIAN, RUSSIAN]
20:36:19.226 [FXGL Background Thread 3 ] DEBUG Engine               - ticksPerSecond: -1
20:36:19.226 [FXGL Background Thread 3 ] DEBUG Engine               - title: 67-Fighter
20:36:19.226 [FXGL Background Thread 3 ] DEBUG Engine               - urlGithub: https://github.com/AlmasB/FXGL
20:36:19.226 [FXGL Background Thread 3 ] DEBUG Engine               - urlLeaderboard: http://fxgl-top.herokuapp.com/
20:36:19.226 [FXGL Background Thread 3 ] DEBUG Engine               - urlPOM: https://raw.githubusercontent.com/AlmasB/FXGL/release/README.md
20:36:19.226 [FXGL Background Thread 3 ] DEBUG Engine               - userAppClass: class com.nhom67.platformfighter.app.FighterApp
20:36:19.226 [FXGL Background Thread 3 ] DEBUG Engine               - version: 1.0
20:36:19.226 [FXGL Background Thread 3 ] DEBUG Engine               - versionCheckDays: 7
20:36:19.226 [FXGL Background Thread 3 ] DEBUG Engine               - width: 1920
20:36:19.226 [FXGL Background Thread 3 ] DEBUG Engine               - Logging services
20:36:19.226 [FXGL Background Thread 3 ] DEBUG Engine               - class com.almasb.fxgl.app.services.FXGLAssetLoaderService
20:36:19.226 [FXGL Background Thread 3 ] DEBUG Engine               - class com.almasb.fxgl.app.FXGLApplication$GameApplicationService
20:36:19.226 [FXGL Background Thread 3 ] DEBUG Engine               - class com.almasb.fxgl.app.services.FXGLDialogService
20:36:19.226 [FXGL Background Thread 3 ] DEBUG Engine               - class com.almasb.fxgl.app.services.IOTaskExecutorService
20:36:19.226 [FXGL Background Thread 3 ] DEBUG Engine               - class com.almasb.fxgl.io.FileSystemService
20:36:19.226 [FXGL Background Thread 3 ] DEBUG Engine               - class com.almasb.fxgl.localization.LocalizationService
20:36:19.226 [FXGL Background Thread 3 ] DEBUG Engine               - class com.almasb.fxgl.app.services.SystemBundleService
20:36:19.226 [FXGL Background Thread 3 ] DEBUG Engine               - class com.almasb.fxgl.profile.SaveLoadService
20:36:19.226 [FXGL Background Thread 3 ] DEBUG Engine               - class com.almasb.fxgl.ui.FXGLUIFactoryServiceProvider
20:36:19.226 [FXGL Background Thread 3 ] DEBUG Engine               - class com.almasb.fxgl.ui.FXGLDialogFactoryServiceProvider
20:36:19.226 [FXGL Background Thread 3 ] DEBUG Engine               - class com.almasb.fxgl.audio.AudioPlayer
20:36:19.226 [FXGL Background Thread 3 ] DEBUG Engine               - class com.almasb.fxgl.notification.impl.NotificationServiceProvider
20:36:19.226 [FXGL Background Thread 3 ] DEBUG Engine               - class com.almasb.fxgl.achievement.AchievementService
20:36:19.226 [FXGL Background Thread 3 ] DEBUG Engine               - class com.almasb.fxgl.cutscene.CutsceneService
20:36:19.226 [FXGL Background Thread 3 ] DEBUG Engine               - class com.almasb.fxgl.minigames.MiniGameService
20:36:19.227 [FXGL Background Thread 3 ] DEBUG Engine               - class com.almasb.fxgl.net.NetService
20:36:19.227 [FXGL Background Thread 3 ] DEBUG Engine               - class com.almasb.fxgl.app.services.UpdaterService
20:36:19.227 [FXGL Background Thread 3 ] DEBUG Engine               - class com.almasb.fxgl.dev.DevService
20:36:36.164 [JavaFX Application Thread] DEBUG PrimaryStageWindow   - Push state: GameOverScene
20:36:36.164 [JavaFX Application Thread] DEBUG Input                - Clearing active input actions
20:36:36.166 [JavaFX Application Thread] DEBUG GameApplicationServi - Removing overlay from GameScene and adding to GameOverScene
20:36:36.166 [JavaFX Application Thread] DEBUG PrimaryStageWindow   - GameScene -> GameOverScene
20:36:37.343 [JavaFX Application Thread] DEBUG PrimaryStageWindow   - Pop state: GameOverScene
20:36:37.343 [JavaFX Application Thread] DEBUG Input                - Clearing active input actions
20:36:37.343 [JavaFX Application Thread] DEBUG GameApplicationServi - Removing overlay from GameOverScene and adding to GameScene
20:36:37.343 [JavaFX Application Thread] DEBUG PrimaryStageWindow   - GameScene <- GameOverScene
20:36:37.343 [JavaFX Application Thread] DEBUG Input                - Clearing active input actions
20:36:37.348 [JavaFX Application Thread] DEBUG GameApplicationServi - Removing overlay from GameScene and adding to FXGLMainMenuDummyScene
20:36:37.348 [JavaFX Application Thread] DEBUG PrimaryStageWindow   - GameScene -> FXGLMainMenuDummyScene
20:36:37.348 [JavaFX Application Thread] DEBUG PrimaryStageWindow   - Push state: MenuScene
20:36:37.348 [JavaFX Application Thread] DEBUG Input                - Clearing active input actions
20:36:37.349 [JavaFX Application Thread] DEBUG GameApplicationServi - Removing overlay from FXGLMainMenuDummyScene and adding to MenuScene
20:36:37.349 [JavaFX Application Thread] DEBUG PrimaryStageWindow   - FXGLMainMenuDummyScene -> MenuScene
20:36:37.351 [JavaFX Application Thread] DEBUG Input                - Registered new binding: Back - Esc
20:36:37.351 [JavaFX Application Thread] DEBUG PrimaryStageWindow   - Push state: SelectScene
20:36:37.351 [JavaFX Application Thread] DEBUG Input                - Clearing active input actions
20:36:37.352 [JavaFX Application Thread] DEBUG GameApplicationServi - Removing overlay from MenuScene and adding to SelectScene
20:36:37.354 [JavaFX Application Thread] DEBUG PrimaryStageWindow   - MenuScene -> SelectScene
20:36:38.277 [JavaFX Application Thread] DEBUG PrimaryStageWindow   - Pop state: SelectScene
20:36:38.277 [JavaFX Application Thread] DEBUG Input                - Clearing active input actions
20:36:38.278 [JavaFX Application Thread] DEBUG GameApplicationServi - Removing overlay from SelectScene and adding to MenuScene
20:36:38.278 [JavaFX Application Thread] DEBUG PrimaryStageWindow   - MenuScene <- SelectScene
20:36:38.278 [JavaFX Application Thread] DEBUG GameApplicationServi - Starting new game
20:36:38.279 [JavaFX Application Thread] DEBUG PrimaryStageWindow   - Pop state: MenuScene
20:36:38.279 [JavaFX Application Thread] DEBUG Input                - Clearing active input actions
20:36:38.279 [JavaFX Application Thread] DEBUG GameApplicationServi - Removing overlay from MenuScene and adding to FXGLMainMenuDummyScene
20:36:38.279 [JavaFX Application Thread] DEBUG PrimaryStageWindow   - FXGLMainMenuDummyScene <- MenuScene
20:36:38.279 [JavaFX Application Thread] DEBUG Input                - Clearing active input actions
20:36:38.285 [JavaFX Application Thread] DEBUG GameApplicationServi - Removing overlay from FXGLMainMenuDummyScene and adding to FXGLLoadingScene
20:36:38.285 [JavaFX Application Thread] DEBUG PrimaryStageWindow   - FXGLMainMenuDummyScene -> FXGLLoadingScene
20:36:38.285 [JavaFX Application Thread] DEBUG GameApplicationServi - Clearing previous game
20:36:38.285 [JavaFX Application Thread] DEBUG GameScene            - Clearing game scene
20:36:38.285 [JavaFX Application Thread] DEBUG GameWorld            - Clearing game world
20:36:38.289 [JavaFX Application Thread] DEBUG PhysicsWorld         - Clearing physics world
20:36:38.292 [FXGL Background Thread 2 ] DEBUG FXGLApplication      - Initializing game
20:36:38.295 [FXGL Background Thread 2 ] WARN  TMXLevelLoader       - TiledMap generated from 1.12.2. Supported version: 1.9.0. Some features may not be parsed fully.
20:36:38.307 [FXGL Background Thread 2 ] DEBUG TMXLevelLoader       - Parsed TiledMap: file:/D:/gamemake/fighter67/target/classes/assets/levels/map1.tmx
20:36:38.308 [FXGL Background Thread 2 ] DEBUG TMXLevelLoader       - Creating tile layer entities
20:36:38.309 [FXGL Background Thread 2 ] DEBUG TilesetLoader        - Loading view for layer Tile Layer 1
20:36:38.311 [FXGL Background Thread 2 ] DEBUG TilesetLoader        - Created buffer with size 1920.0x1088.0
20:36:38.318 [FXGL Background Thread 2 ] DEBUG TMXLevelLoader       - Creating object layer entities
20:36:38.321 [FXGL Background Thread 2 ] DEBUG GameWorld            - Clearing removable entities
20:36:38.321 [FXGL Background Thread 2 ] DEBUG GameWorld            - Setting level: com.almasb.fxgl.entity.level.Level@642afe1
20:36:38.326 [FXGL Background Thread 2 ] INFO  FXGLApplication      - Game initialization took: 0.034 sec
20:36:38.327 [JavaFX Application Thread] DEBUG Input                - Clearing active input actions
20:36:38.332 [JavaFX Application Thread] DEBUG GameApplicationServi - Removing overlay from FXGLLoadingScene and adding to GameScene
20:36:38.333 [JavaFX Application Thread] DEBUG PrimaryStageWindow   - FXGLLoadingScene -> GameScene
20:37:07.502 [JavaFX Application Thread] DEBUG LoopRunner           - Pausing loop
20:38:28.210 [JavaFX Application Thread] DEBUG LoopRunner           - Resuming loop
20:38:30.986 [JavaFX Application Thread] DEBUG PrimaryStageWindow   - Push state: GameOverScene
20:38:30.986 [JavaFX Application Thread] DEBUG Input                - Clearing active input actions
20:38:30.986 [JavaFX Application Thread] DEBUG GameApplicationServi - Removing overlay from GameScene and adding to GameOverScene
20:38:30.987 [JavaFX Application Thread] DEBUG PrimaryStageWindow   - GameScene -> GameOverScene
20:38:31.968 [JavaFX Application Thread] DEBUG PrimaryStageWindow   - Pop state: GameOverScene
20:38:31.968 [JavaFX Application Thread] DEBUG Input                - Clearing active input actions
20:38:31.969 [JavaFX Application Thread] DEBUG GameApplicationServi - Removing overlay from GameOverScene and adding to GameScene
20:38:31.969 [JavaFX Application Thread] DEBUG PrimaryStageWindow   - GameScene <- GameOverScene
20:38:31.969 [JavaFX Application Thread] DEBUG Input                - Clearing active input actions
20:38:31.974 [JavaFX Application Thread] DEBUG GameApplicationServi - Removing overlay from GameScene and adding to FXGLMainMenuDummyScene
20:38:31.975 [JavaFX Application Thread] DEBUG PrimaryStageWindow   - GameScene -> FXGLMainMenuDummyScene
20:38:31.975 [JavaFX Application Thread] DEBUG PrimaryStageWindow   - Push state: MenuScene
20:38:31.975 [JavaFX Application Thread] DEBUG Input                - Clearing active input actions
20:38:31.976 [JavaFX Application Thread] DEBUG GameApplicationServi - Removing overlay from FXGLMainMenuDummyScene and adding to MenuScene
20:38:31.977 [JavaFX Application Thread] DEBUG PrimaryStageWindow   - FXGLMainMenuDummyScene -> MenuScene
20:38:31.978 [JavaFX Application Thread] DEBUG Input                - Registered new binding: Back - Esc
20:38:31.978 [JavaFX Application Thread] DEBUG PrimaryStageWindow   - Push state: SelectScene
20:38:31.978 [JavaFX Application Thread] DEBUG Input                - Clearing active input actions
20:38:31.980 [JavaFX Application Thread] DEBUG GameApplicationServi - Removing overlay from MenuScene and adding to SelectScene
20:38:31.980 [JavaFX Application Thread] DEBUG PrimaryStageWindow   - MenuScene -> SelectScene
20:38:33.406 [JavaFX Application Thread] DEBUG FXGLAssetLoaderServi - Loading from file system: file:/D:/gamemake/fighter67/target/classes/assets/textures/maps/map2background.png
20:38:37.041 [JavaFX Application Thread] DEBUG PrimaryStageWindow   - Pop state: SelectScene
20:38:37.041 [JavaFX Application Thread] DEBUG Input                - Clearing active input actions
20:38:37.041 [JavaFX Application Thread] DEBUG GameApplicationServi - Removing overlay from SelectScene and adding to MenuScene
20:38:37.042 [JavaFX Application Thread] DEBUG PrimaryStageWindow   - MenuScene <- SelectScene
20:38:37.042 [JavaFX Application Thread] DEBUG GameApplicationServi - Starting new game
20:38:37.042 [JavaFX Application Thread] DEBUG PrimaryStageWindow   - Pop state: MenuScene
20:38:37.042 [JavaFX Application Thread] DEBUG Input                - Clearing active input actions
20:38:37.042 [JavaFX Application Thread] DEBUG GameApplicationServi - Removing overlay from MenuScene and adding to FXGLMainMenuDummyScene
20:38:37.042 [JavaFX Application Thread] DEBUG PrimaryStageWindow   - FXGLMainMenuDummyScene <- MenuScene
20:38:37.042 [JavaFX Application Thread] DEBUG Input                - Clearing active input actions
20:38:37.048 [JavaFX Application Thread] DEBUG GameApplicationServi - Removing overlay from FXGLMainMenuDummyScene and adding to FXGLLoadingScene
20:38:37.049 [JavaFX Application Thread] DEBUG PrimaryStageWindow   - FXGLMainMenuDummyScene -> FXGLLoadingScene
20:38:37.049 [JavaFX Application Thread] DEBUG GameApplicationServi - Clearing previous game
20:38:37.049 [JavaFX Application Thread] DEBUG GameScene            - Clearing game scene
20:38:37.049 [JavaFX Application Thread] DEBUG GameWorld            - Clearing game world
20:38:37.052 [JavaFX Application Thread] DEBUG PhysicsWorld         - Clearing physics world
20:38:37.054 [FXGL Background Thread 5 ] DEBUG FXGLApplication      - Initializing game
20:38:37.057 [FXGL Background Thread 5 ] WARN  TMXLevelLoader       - TiledMap generated from 1.12.2. Supported version: 1.9.0. Some features may not be parsed fully.
20:38:37.058 [FXGL Background Thread 5 ] DEBUG TMXLevelLoader       - Parsed TiledMap: file:/D:/gamemake/fighter67/target/classes/assets/levels/map2.tmx
20:38:37.058 [FXGL Background Thread 5 ] DEBUG TMXLevelLoader       - Creating tile layer entities
20:38:37.060 [FXGL Background Thread 5 ] DEBUG TilesetLoader        - Loading view for layer Tile Layer 1
20:38:37.063 [FXGL Background Thread 5 ] DEBUG TilesetLoader        - Created buffer with size 1920.0x1088.0
20:38:37.073 [FXGL Background Thread 5 ] DEBUG TMXLevelLoader       - Creating object layer entities
20:38:37.076 [FXGL Background Thread 5 ] DEBUG GameWorld            - Clearing removable entities
20:38:37.076 [FXGL Background Thread 5 ] DEBUG GameWorld            - Setting level: com.almasb.fxgl.entity.level.Level@9406517
20:38:37.083 [FXGL Background Thread 5 ] INFO  FXGLApplication      - Game initialization took: 0.028 sec
20:38:37.083 [JavaFX Application Thread] DEBUG Input                - Clearing active input actions
20:38:37.088 [JavaFX Application Thread] DEBUG GameApplicationServi - Removing overlay from FXGLLoadingScene and adding to GameScene
20:38:37.088 [JavaFX Application Thread] DEBUG PrimaryStageWindow   - FXGLLoadingScene -> GameScene
20:38:40.459 [JavaFX Application Thread] DEBUG PrimaryStageWindow   - Push state: GameOverScene
20:38:40.460 [JavaFX Application Thread] DEBUG Input                - Clearing active input actions
20:38:40.460 [JavaFX Application Thread] DEBUG GameApplicationServi - Removing overlay from GameScene and adding to GameOverScene
20:38:40.460 [JavaFX Application Thread] DEBUG PrimaryStageWindow   - GameScene -> GameOverScene
20:38:41.288 [JavaFX Application Thread] DEBUG PrimaryStageWindow   - Pop state: GameOverScene
20:38:41.288 [JavaFX Application Thread] DEBUG Input                - Clearing active input actions
20:38:41.289 [JavaFX Application Thread] DEBUG GameApplicationServi - Removing overlay from GameOverScene and adding to GameScene
20:38:41.290 [JavaFX Application Thread] DEBUG PrimaryStageWindow   - GameScene <- GameOverScene
20:38:41.290 [JavaFX Application Thread] DEBUG Input                - Clearing active input actions
20:38:41.304 [JavaFX Application Thread] DEBUG GameApplicationServi - Removing overlay from GameScene and adding to FXGLMainMenuDummyScene
20:38:41.305 [JavaFX Application Thread] DEBUG PrimaryStageWindow   - GameScene -> FXGLMainMenuDummyScene
20:38:41.305 [JavaFX Application Thread] DEBUG PrimaryStageWindow   - Push state: MenuScene
20:38:41.305 [JavaFX Application Thread] DEBUG Input                - Clearing active input actions
20:38:41.305 [JavaFX Application Thread] DEBUG GameApplicationServi - Removing overlay from FXGLMainMenuDummyScene and adding to MenuScene
20:38:41.305 [JavaFX Application Thread] DEBUG PrimaryStageWindow   - FXGLMainMenuDummyScene -> MenuScene
20:38:41.305 [JavaFX Application Thread] DEBUG Input                - Registered new binding: Back - Esc
20:38:41.306 [JavaFX Application Thread] DEBUG PrimaryStageWindow   - Push state: SelectScene
20:38:41.306 [JavaFX Application Thread] DEBUG Input                - Clearing active input actions
20:38:41.306 [JavaFX Application Thread] DEBUG GameApplicationServi - Removing overlay from MenuScene and adding to SelectScene
20:38:41.306 [JavaFX Application Thread] DEBUG PrimaryStageWindow   - MenuScene -> SelectScene
20:38:42.916 [JavaFX Application Thread] DEBUG PrimaryStageWindow   - Pop state: SelectScene
20:38:42.916 [JavaFX Application Thread] DEBUG Input                - Clearing active input actions
20:38:42.917 [JavaFX Application Thread] DEBUG GameApplicationServi - Removing overlay from SelectScene and adding to MenuScene
20:38:42.917 [JavaFX Application Thread] DEBUG PrimaryStageWindow   - MenuScene <- SelectScene
20:38:42.917 [JavaFX Application Thread] DEBUG GameApplicationServi - Starting new game
20:38:42.917 [JavaFX Application Thread] DEBUG PrimaryStageWindow   - Pop state: MenuScene
20:38:42.917 [JavaFX Application Thread] DEBUG Input                - Clearing active input actions
20:38:42.917 [JavaFX Application Thread] DEBUG GameApplicationServi - Removing overlay from MenuScene and adding to FXGLMainMenuDummyScene
20:38:42.917 [JavaFX Application Thread] DEBUG PrimaryStageWindow   - FXGLMainMenuDummyScene <- MenuScene
20:38:42.917 [JavaFX Application Thread] DEBUG Input                - Clearing active input actions
20:38:42.922 [JavaFX Application Thread] DEBUG GameApplicationServi - Removing overlay from FXGLMainMenuDummyScene and adding to FXGLLoadingScene
20:38:42.922 [JavaFX Application Thread] DEBUG PrimaryStageWindow   - FXGLMainMenuDummyScene -> FXGLLoadingScene
20:38:42.922 [JavaFX Application Thread] DEBUG GameApplicationServi - Clearing previous game
20:38:42.922 [JavaFX Application Thread] DEBUG GameScene            - Clearing game scene
20:38:42.922 [JavaFX Application Thread] DEBUG GameWorld            - Clearing game world
20:38:42.923 [JavaFX Application Thread] DEBUG PhysicsWorld         - Clearing physics world
20:38:42.924 [FXGL Background Thread 5 ] DEBUG FXGLApplication      - Initializing game
20:38:42.929 [FXGL Background Thread 5 ] WARN  TMXLevelLoader       - TiledMap generated from 1.12.2. Supported version: 1.9.0. Some features may not be parsed fully.
20:38:42.931 [FXGL Background Thread 5 ] DEBUG TMXLevelLoader       - Parsed TiledMap: file:/D:/gamemake/fighter67/target/classes/assets/levels/map2.tmx
20:38:42.932 [FXGL Background Thread 5 ] DEBUG TMXLevelLoader       - Creating tile layer entities
20:38:42.933 [FXGL Background Thread 5 ] DEBUG TilesetLoader        - Loading view for layer Tile Layer 1
20:38:42.937 [FXGL Background Thread 5 ] DEBUG TilesetLoader        - Created buffer with size 1920.0x1088.0
20:38:42.947 [FXGL Background Thread 5 ] DEBUG TMXLevelLoader       - Creating object layer entities
20:38:42.958 [FXGL Background Thread 5 ] DEBUG GameWorld            - Clearing removable entities
20:38:42.958 [FXGL Background Thread 5 ] DEBUG GameWorld            - Setting level: com.almasb.fxgl.entity.level.Level@6db18fb0
20:38:42.965 [FXGL Background Thread 5 ] INFO  FXGLApplication      - Game initialization took: 0.040 sec
20:38:42.966 [JavaFX Application Thread] DEBUG Input                - Clearing active input actions
20:38:42.971 [JavaFX Application Thread] DEBUG GameApplicationServi - Removing overlay from FXGLLoadingScene and adding to GameScene
20:38:42.972 [JavaFX Application Thread] DEBUG PrimaryStageWindow   - FXGLLoadingScene -> GameScene
20:38:44.704 [JavaFX Application Thread] DEBUG PrimaryStageWindow   - Push state: GameOverScene
20:38:44.705 [JavaFX Application Thread] DEBUG Input                - Clearing active input actions
20:38:44.705 [JavaFX Application Thread] DEBUG GameApplicationServi - Removing overlay from GameScene and adding to GameOverScene
20:38:44.705 [JavaFX Application Thread] DEBUG PrimaryStageWindow   - GameScene -> GameOverScene
20:38:45.372 [JavaFX Application Thread] DEBUG PrimaryStageWindow   - Pop state: GameOverScene
20:38:45.373 [JavaFX Application Thread] DEBUG Input                - Clearing active input actions
20:38:45.373 [JavaFX Application Thread] DEBUG GameApplicationServi - Removing overlay from GameOverScene and adding to GameScene
20:38:45.373 [JavaFX Application Thread] DEBUG PrimaryStageWindow   - GameScene <- GameOverScene
20:38:45.373 [JavaFX Application Thread] DEBUG Input                - Clearing active input actions
20:38:45.378 [JavaFX Application Thread] DEBUG GameApplicationServi - Removing overlay from GameScene and adding to FXGLMainMenuDummyScene
20:38:45.379 [JavaFX Application Thread] DEBUG PrimaryStageWindow   - GameScene -> FXGLMainMenuDummyScene
20:38:45.379 [JavaFX Application Thread] DEBUG PrimaryStageWindow   - Push state: MenuScene
20:38:45.379 [JavaFX Application Thread] DEBUG Input                - Clearing active input actions
20:38:45.379 [JavaFX Application Thread] DEBUG GameApplicationServi - Removing overlay from FXGLMainMenuDummyScene and adding to MenuScene
20:38:45.381 [JavaFX Application Thread] DEBUG PrimaryStageWindow   - FXGLMainMenuDummyScene -> MenuScene
20:38:45.383 [JavaFX Application Thread] DEBUG Input                - Registered new binding: Back - Esc
20:38:45.383 [JavaFX Application Thread] DEBUG PrimaryStageWindow   - Push state: SelectScene
20:38:45.384 [JavaFX Application Thread] DEBUG Input                - Clearing active input actions
20:38:45.385 [JavaFX Application Thread] DEBUG GameApplicationServi - Removing overlay from MenuScene and adding to SelectScene
20:38:45.385 [JavaFX Application Thread] DEBUG PrimaryStageWindow   - MenuScene -> SelectScene
20:38:46.579 [JavaFX Application Thread] DEBUG PrimaryStageWindow   - Pop state: SelectScene
20:38:46.581 [JavaFX Application Thread] DEBUG Input                - Clearing active input actions
20:38:46.582 [JavaFX Application Thread] DEBUG GameApplicationServi - Removing overlay from SelectScene and adding to MenuScene
20:38:46.582 [JavaFX Application Thread] DEBUG PrimaryStageWindow   - MenuScene <- SelectScene
20:38:46.582 [JavaFX Application Thread] DEBUG GameApplicationServi - Starting new game
20:38:46.582 [JavaFX Application Thread] DEBUG PrimaryStageWindow   - Pop state: MenuScene
20:38:46.582 [JavaFX Application Thread] DEBUG Input                - Clearing active input actions
20:38:46.582 [JavaFX Application Thread] DEBUG GameApplicationServi - Removing overlay from MenuScene and adding to FXGLMainMenuDummyScene
20:38:46.583 [JavaFX Application Thread] DEBUG PrimaryStageWindow   - FXGLMainMenuDummyScene <- MenuScene
20:38:46.583 [JavaFX Application Thread] DEBUG Input                - Clearing active input actions
20:38:46.588 [JavaFX Application Thread] DEBUG GameApplicationServi - Removing overlay from FXGLMainMenuDummyScene and adding to FXGLLoadingScene
20:38:46.589 [JavaFX Application Thread] DEBUG PrimaryStageWindow   - FXGLMainMenuDummyScene -> FXGLLoadingScene
20:38:46.589 [JavaFX Application Thread] DEBUG GameApplicationServi - Clearing previous game
20:38:46.589 [JavaFX Application Thread] DEBUG GameScene            - Clearing game scene
20:38:46.589 [JavaFX Application Thread] DEBUG GameWorld            - Clearing game world
20:38:46.591 [JavaFX Application Thread] DEBUG PhysicsWorld         - Clearing physics world
20:38:46.592 [FXGL Background Thread 5 ] DEBUG FXGLApplication      - Initializing game
20:38:46.597 [FXGL Background Thread 5 ] WARN  TMXLevelLoader       - TiledMap generated from 1.12.2. Supported version: 1.9.0. Some features may not be parsed fully.
20:38:46.601 [FXGL Background Thread 5 ] DEBUG TMXLevelLoader       - Parsed TiledMap: file:/D:/gamemake/fighter67/target/classes/assets/levels/map1.tmx
20:38:46.601 [FXGL Background Thread 5 ] DEBUG TMXLevelLoader       - Creating tile layer entities
20:38:46.603 [FXGL Background Thread 5 ] DEBUG TilesetLoader        - Loading view for layer Tile Layer 1
20:38:46.606 [FXGL Background Thread 5 ] DEBUG TilesetLoader        - Created buffer with size 1920.0x1088.0
20:38:46.616 [FXGL Background Thread 5 ] DEBUG TMXLevelLoader       - Creating object layer entities
20:38:46.619 [FXGL Background Thread 5 ] DEBUG GameWorld            - Clearing removable entities
20:38:46.619 [FXGL Background Thread 5 ] DEBUG GameWorld            - Setting level: com.almasb.fxgl.entity.level.Level@70a21345
20:38:46.633 [FXGL Background Thread 5 ] INFO  FXGLApplication      - Game initialization took: 0.041 sec
20:38:46.633 [JavaFX Application Thread] DEBUG Input                - Clearing active input actions
20:38:46.636 [JavaFX Application Thread] DEBUG GameApplicationServi - Removing overlay from FXGLLoadingScene and adding to GameScene
20:38:46.636 [JavaFX Application Thread] DEBUG PrimaryStageWindow   - FXGLLoadingScene -> GameScene
20:39:13.474 [JavaFX Application Thread] DEBUG FXGLApplication      - Exiting FXGL
20:39:13.475 [JavaFX Application Thread] DEBUG LoopRunner           - Stopping loop
20:39:13.475 [JavaFX Application Thread] DEBUG SystemBundleService  - Saving FXGL system data
20:39:13.478 [JavaFX Application Thread] DEBUG FileSystemAccess     - Writing to: D:\gamemake\fighter67\system\fxgl.bundle
20:39:13.482 [JavaFX Application Thread] DEBUG Async                - Shutting down background threads
20:39:13.483 [JavaFX Application Thread] DEBUG PrimaryStageWindow   - Closing main window
20:39:13.508 [JavaFX Application Thread] DEBUG Logger               - Closing Logger
